Archive member included to satisfy reference by file (symbol)

/usr/lib/gcc/arm-none-eabi/9.2.1/../../../arm-none-eabi/lib/thumb/v7e-m+fp/hard/libc_nano.a(lib_a-memset.o)
                              /workspace/nts-3_kaoss/rearrange-genericfx//build/obj/unit.o (memset)
/usr/lib/gcc/arm-none-eabi/9.2.1/../../../arm-none-eabi/lib/thumb/v7e-m+fp/hard/libm.a(lib_a-sf_cos.o)
                              /workspace/nts-3_kaoss/rearrange-genericfx//build/obj/params.o (cosf)
/usr/lib/gcc/arm-none-eabi/9.2.1/../../../arm-none-eabi/lib/thumb/v7e-m+fp/hard/libm.a(lib_a-sf_sin.o)
                              /workspace/nts-3_kaoss/rearrange-genericfx//build/obj/params.o (sinf)
/usr/lib/gcc/arm-none-eabi/9.2.1/../../../arm-none-eabi/lib/thumb/v7e-m+fp/hard/libm.a(lib_a-ef_rem_pio2.o)
                              /usr/lib/gcc/arm-none-eabi/9.2.1/../../../arm-none-eabi/lib/thumb/v7e-m+fp/hard/libm.a(lib_a-sf_cos.o) (__ieee754_rem_pio2f)
/usr/lib/gcc/arm-none-eabi/9.2.1/../../../arm-none-eabi/lib/thumb/v7e-m+fp/hard/libm.a(lib_a-kf_cos.o)
                              /usr/lib/gcc/arm-none-eabi/9.2.1/../../../arm-none-eabi/lib/thumb/v7e-m+fp/hard/libm.a(lib_a-sf_cos.o) (__kernel_cosf)
/usr/lib/gcc/arm-none-eabi/9.2.1/../../../arm-none-eabi/lib/thumb/v7e-m+fp/hard/libm.a(lib_a-kf_rem_pio2.o)
                              /usr/lib/gcc/arm-none-eabi/9.2.1/../../../arm-none-eabi/lib/thumb/v7e-m+fp/hard/libm.a(lib_a-ef_rem_pio2.o) (__kernel_rem_pio2f)
/usr/lib/gcc/arm-none-eabi/9.2.1/../../../arm-none-eabi/lib/thumb/v7e-m+fp/hard/libm.a(lib_a-kf_sin.o)
                              /usr/lib/gcc/arm-none-eabi/9.2.1/../../../arm-none-eabi/lib/thumb/v7e-m+fp/hard/libm.a(lib_a-sf_cos.o) (__kernel_sinf)
/usr/lib/gcc/arm-none-eabi/9.2.1/../../../arm-none-eabi/lib/thumb/v7e-m+fp/hard/libm.a(lib_a-sf_fabs.o)
                              /usr/lib/gcc/arm-none-eabi/9.2.1/../../../arm-none-eabi/lib/thumb/v7e-m+fp/hard/libm.a(lib_a-ef_rem_pio2.o) (fabsf)
/usr/lib/gcc/arm-none-eabi/9.2.1/../../../arm-none-eabi/lib/thumb/v7e-m+fp/hard/libm.a(lib_a-sf_floor.o)
                              /usr/lib/gcc/arm-none-eabi/9.2.1/../../../arm-none-eabi/lib/thumb/v7e-m+fp/hard/libm.a(lib_a-kf_rem_pio2.o) (floorf)
/usr/lib/gcc/arm-none-eabi/9.2.1/../../../arm-none-eabi/lib/thumb/v7e-m+fp/hard/libm.a(lib_a-sf_scalbn.o)
                              /usr/lib/gcc/arm-none-eabi/9.2.1/../../../arm-none-eabi/lib/thumb/v7e-m+fp/hard/libm.a(lib_a-kf_rem_pio2.o) (scalbnf)

Discarded input sections

 .group         0x0000000000000000        0x8 /workspace/nts-3_kaoss/rearrange-genericfx//build/obj/unit.o
 .group         0x0000000000000000        0xc /workspace/nts-3_kaoss/rearrange-genericfx//build/obj/unit.o
 .group         0x0000000000000000        0x8 /workspace/nts-3_kaoss/rearrange-genericfx//build/obj/unit.o
 .group         0x0000000000000000        0xc /workspace/nts-3_kaoss/rearrange-genericfx//build/obj/unit.o
 .group         0x0000000000000000        0xc /workspace/nts-3_kaoss/rearrange-genericfx//build/obj/unit.o
 .group         0x0000000000000000        0xc /workspace/nts-3_kaoss/rearrange-genericfx//build/obj/unit.o

Memory Configuration

Name             Origin             Length             Attributes
*default*        0x0000000000000000 0xffffffffffffffff

Linker script and memory map

LOAD /workspace/nts-3_kaoss/rearrange-genericfx//build/obj/header.o
LOAD /workspace/nts-3_kaoss/rearrange-genericfx//build/obj/_unit_base.o
LOAD /workspace/nts-3_kaoss/rearrange-genericfx//build/obj/unit.o
LOAD /workspace/nts-3_kaoss/rearrange-genericfx//build/obj/params.o
                0x0000000000000000                __heap_size = 0x0
                0x0000000000000000                __stack_size = 0x0
                0x00000000000000d4                . = SIZEOF_HEADERS

.hash           0x00000000000000d4      0x164
 *(.hash)
 .hash          0x00000000000000d4      0x164 /workspace/nts-3_kaoss/rearrange-genericfx//build/obj/header.o

.dynsym         0x0000000000000238      0x320
 *(.dynsym)
 .dynsym        0x0000000000000238      0x320 /workspace/nts-3_kaoss/rearrange-genericfx//build/obj/header.o

.dynstr         0x0000000000000558      0x2be
 *(.dynstr)
 .dynstr        0x0000000000000558      0x2be /workspace/nts-3_kaoss/rearrange-genericfx//build/obj/header.o

.rel.dyn        0x0000000000000818       0x90
 *(.rel.dyn)
 .rel.got       0x0000000000000818       0x20 /workspace/nts-3_kaoss/rearrange-genericfx//build/obj/header.o
 .rel.iplt      0x0000000000000838        0x0 /workspace/nts-3_kaoss/rearrange-genericfx//build/obj/header.o
 .rel.init_array
                0x0000000000000838        0x8 /workspace/nts-3_kaoss/rearrange-genericfx//build/obj/header.o
 .rel.data.rel.local._ZZNK6Effect20getParameterStrValueEhlE5names
                0x0000000000000840       0x28 /workspace/nts-3_kaoss/rearrange-genericfx//build/obj/header.o
 .rel.text      0x0000000000000868       0x40 /workspace/nts-3_kaoss/rearrange-genericfx//build/obj/header.o

.rel.plt        0x00000000000008a8       0x88
 *(.rel.plt)
 .rel.plt       0x00000000000008a8       0x88 /workspace/nts-3_kaoss/rearrange-genericfx//build/obj/header.o

.text           0x0000000000000930     0x1a44
 *(.text)
 .text          0x0000000000000930        0x0 /workspace/nts-3_kaoss/rearrange-genericfx//build/obj/header.o
 .text          0x0000000000000930       0x20 /workspace/nts-3_kaoss/rearrange-genericfx//build/obj/_unit_base.o
 .text          0x0000000000000950      0x1f0 /workspace/nts-3_kaoss/rearrange-genericfx//build/obj/unit.o
                0x0000000000000950                unit_init
                0x0000000000000964                unit_teardown
                0x0000000000000966                unit_reset
                0x0000000000000968                unit_resume
                0x000000000000096a                unit_suspend
                0x000000000000096c                unit_render
                0x00000000000009ac                unit_set_param_value
                0x0000000000000acc                unit_get_param_value
                0x0000000000000b08                unit_get_param_str_value
                0x0000000000000b28                unit_set_tempo
                0x0000000000000b3c                unit_tempo_4ppqn_tick
                0x0000000000000b3e                unit_touch_event
 .text          0x0000000000000b40       0xb0 /workspace/nts-3_kaoss/rearrange-genericfx//build/obj/params.o
                0x0000000000000b40                initSinLut()
                0x0000000000000b90                initHannLut()
 .text          0x0000000000000bf0       0xa0 /usr/lib/gcc/arm-none-eabi/9.2.1/../../../arm-none-eabi/lib/thumb/v7e-m+fp/hard/libc_nano.a(lib_a-memset.o)
                0x0000000000000bf0                memset
 .text          0x0000000000000c90       0x90 /usr/lib/gcc/arm-none-eabi/9.2.1/../../../arm-none-eabi/lib/thumb/v7e-m+fp/hard/libm.a(lib_a-sf_cos.o)
                0x0000000000000c90                cosf
 .text          0x0000000000000d20       0x94 /usr/lib/gcc/arm-none-eabi/9.2.1/../../../arm-none-eabi/lib/thumb/v7e-m+fp/hard/libm.a(lib_a-sf_sin.o)
                0x0000000000000d20                sinf
 .text          0x0000000000000db4      0x298 /usr/lib/gcc/arm-none-eabi/9.2.1/../../../arm-none-eabi/lib/thumb/v7e-m+fp/hard/libm.a(lib_a-ef_rem_pio2.o)
                0x0000000000000db4                __ieee754_rem_pio2f
 .text          0x000000000000104c      0x104 /usr/lib/gcc/arm-none-eabi/9.2.1/../../../arm-none-eabi/lib/thumb/v7e-m+fp/hard/libm.a(lib_a-kf_cos.o)
                0x000000000000104c                __kernel_cosf
 .text          0x0000000000001150      0x664 /usr/lib/gcc/arm-none-eabi/9.2.1/../../../arm-none-eabi/lib/thumb/v7e-m+fp/hard/libm.a(lib_a-kf_rem_pio2.o)
                0x0000000000001150                __kernel_rem_pio2f
 .text          0x00000000000017b4       0x90 /usr/lib/gcc/arm-none-eabi/9.2.1/../../../arm-none-eabi/lib/thumb/v7e-m+fp/hard/libm.a(lib_a-kf_sin.o)
                0x00000000000017b4                __kernel_sinf
 .text          0x0000000000001844       0x10 /usr/lib/gcc/arm-none-eabi/9.2.1/../../../arm-none-eabi/lib/thumb/v7e-m+fp/hard/libm.a(lib_a-sf_fabs.o)
                0x0000000000001844                fabsf
 .text          0x0000000000001854       0x88 /usr/lib/gcc/arm-none-eabi/9.2.1/../../../arm-none-eabi/lib/thumb/v7e-m+fp/hard/libm.a(lib_a-sf_floor.o)
                0x0000000000001854                floorf
 .text          0x00000000000018dc       0xe4 /usr/lib/gcc/arm-none-eabi/9.2.1/../../../arm-none-eabi/lib/thumb/v7e-m+fp/hard/libm.a(lib_a-sf_scalbn.o)
                0x00000000000018dc                scalbnf
 *(.text.*)
 .text._ZNK9DelayLine11readHermiteEf
                0x00000000000019c0       0xdc /workspace/nts-3_kaoss/rearrange-genericfx//build/obj/unit.o
                0x00000000000019c0                DelayLine::readHermite(float) const
 .text._ZN14RearrangeDelay9setPresetEi
                0x0000000000001a9c       0x2c /workspace/nts-3_kaoss/rearrange-genericfx//build/obj/unit.o
                0x0000000000001a9c                RearrangeDelay::setPreset(int)
 .text._ZN14RearrangeDelay8setTempoEm
                0x0000000000001ac8       0x54 /workspace/nts-3_kaoss/rearrange-genericfx//build/obj/unit.o
                0x0000000000001ac8                RearrangeDelay::setTempo(unsigned long)
 .text._ZN14RearrangeDelay7processEPKfPfm
                0x0000000000001b1c      0x11c /workspace/nts-3_kaoss/rearrange-genericfx//build/obj/unit.o
                0x0000000000001b1c                RearrangeDelay::process(float const*, float*, unsigned long)
 .text._ZN6Effect4InitEPK17unit_runtime_desc
                0x0000000000001c38      0x11c /workspace/nts-3_kaoss/rearrange-genericfx//build/obj/unit.o
                0x0000000000001c38                Effect::Init(unit_runtime_desc const*)
 .text.startup  0x0000000000001d54       0x44 /workspace/nts-3_kaoss/rearrange-genericfx//build/obj/unit.o
 *(.init)
 *(.fini)
 *crtbegin.o(.ctors)
 *crtbegin?.o(.ctors)
 *(EXCLUDE_FILE(*crtend.o *crtend?.o) .ctors)
 *(SORT_BY_NAME(.ctors.*))
 *(.ctors)
 *(.rodata)
 .rodata        0x0000000000001d98      0x200 /workspace/nts-3_kaoss/rearrange-genericfx//build/obj/unit.o
 .rodata        0x0000000000001f98      0x398 /usr/lib/gcc/arm-none-eabi/9.2.1/../../../arm-none-eabi/lib/thumb/v7e-m+fp/hard/libm.a(lib_a-ef_rem_pio2.o)
 .rodata        0x0000000000002330       0x38 /usr/lib/gcc/arm-none-eabi/9.2.1/../../../arm-none-eabi/lib/thumb/v7e-m+fp/hard/libm.a(lib_a-kf_rem_pio2.o)
 *(.rodata.*)
 .rodata.str1.1
                0x0000000000002368        0xc /workspace/nts-3_kaoss/rearrange-genericfx//build/obj/unit.o

.glue_7         0x0000000000002374        0x0
 .glue_7        0x0000000000002374        0x0 linker stubs

.glue_7t        0x0000000000002374        0x0
 .glue_7t       0x0000000000002374        0x0 linker stubs

.vfp11_veneer   0x0000000000002374        0x0
 .vfp11_veneer  0x0000000000002374        0x0 linker stubs

.v4_bx          0x0000000000002374        0x0
 .v4_bx         0x0000000000002374        0x0 linker stubs

.plt            0x0000000000002374      0x120
 .plt           0x0000000000002374      0x120 /workspace/nts-3_kaoss/rearrange-genericfx//build/obj/header.o

.iplt           0x0000000000002494        0x0
 .iplt          0x0000000000002494        0x0 /workspace/nts-3_kaoss/rearrange-genericfx//build/obj/header.o

.unit_header    0x0000000000002498      0x2f0
                0x0000000000002498                . = ALIGN (0x8)
 *(.unit_header)
 .unit_header   0x0000000000002498      0x178 /workspace/nts-3_kaoss/rearrange-genericfx//build/obj/header.o
                0x0000000000002498                unit_header
 .unit_header   0x0000000000002610      0x178 /workspace/nts-3_kaoss/rearrange-genericfx//build/obj/_unit_base.o

.gnu.version_d  0x0000000000002788        0x0
 .gnu.version_d
                0x0000000000002788        0x0 /workspace/nts-3_kaoss/rearrange-genericfx//build/obj/header.o

.gnu.version    0x0000000000002788        0x0
 .gnu.version   0x0000000000002788        0x0 /workspace/nts-3_kaoss/rearrange-genericfx//build/obj/header.o

.gnu.version_r  0x0000000000002788        0x0
 .gnu.version_r
                0x0000000000002788        0x0 /workspace/nts-3_kaoss/rearrange-genericfx//build/obj/header.o

.preinit_array  0x0000000000002788        0x0
                0x0000000000002788                . = ALIGN (0x4)
                [!provide]                        PROVIDE (__preinit_array_start = .)
 *(.preinit_array)
                [!provide]                        PROVIDE (__preinit_array_end = .)

.init_array     0x0000000000002788        0x4
                0x0000000000002788                . = ALIGN (0x4)
                [!provide]                        PROVIDE (__init_array_start = .)
 *(SORT_BY_INIT_PRIORITY(.init_array.*))
 *(.init_array)
 .init_array    0x0000000000002788        0x4 /workspace/nts-3_kaoss/rearrange-genericfx//build/obj/unit.o
                [!provide]                        PROVIDE (__init_array_end = .)

.dynamic        0x0000000000002790       0xa8
                0x0000000000002790                . = ALIGN (0x8)
 *(.dynamic)
 .dynamic       0x0000000000002790       0xa8 /workspace/nts-3_kaoss/rearrange-genericfx//build/obj/header.o
                0x0000000000002790                _DYNAMIC

.got            0x0000000000002838       0x60
 *(.got.plt)
 .got.plt       0x0000000000002838       0x50 /workspace/nts-3_kaoss/rearrange-genericfx//build/obj/header.o
                0x0000000000002838                _GLOBAL_OFFSET_TABLE_
 *(.igot.plt)
 .igot.plt      0x0000000000002888        0x0 /workspace/nts-3_kaoss/rearrange-genericfx//build/obj/header.o
 *(.got)
 .got           0x0000000000002888       0x10 /workspace/nts-3_kaoss/rearrange-genericfx//build/obj/header.o
 *(.igot)

.data           0x0000000000002898       0x14
                0x0000000000002898                . = ALIGN (0x4)
                0x0000000000002898                __data_start__ = .
 *(vtable)
 *(.data)
 .data          0x0000000000002898        0x0 /workspace/nts-3_kaoss/rearrange-genericfx//build/obj/header.o
 .data          0x0000000000002898        0x0 /workspace/nts-3_kaoss/rearrange-genericfx//build/obj/_unit_base.o
 .data          0x0000000000002898        0x0 /workspace/nts-3_kaoss/rearrange-genericfx//build/obj/unit.o
 .data          0x0000000000002898        0x0 /workspace/nts-3_kaoss/rearrange-genericfx//build/obj/params.o
 .data          0x0000000000002898        0x0 /usr/lib/gcc/arm-none-eabi/9.2.1/../../../arm-none-eabi/lib/thumb/v7e-m+fp/hard/libc_nano.a(lib_a-memset.o)
 .data          0x0000000000002898        0x0 /usr/lib/gcc/arm-none-eabi/9.2.1/../../../arm-none-eabi/lib/thumb/v7e-m+fp/hard/libm.a(lib_a-sf_cos.o)
 .data          0x0000000000002898        0x0 /usr/lib/gcc/arm-none-eabi/9.2.1/../../../arm-none-eabi/lib/thumb/v7e-m+fp/hard/libm.a(lib_a-sf_sin.o)
 .data          0x0000000000002898        0x0 /usr/lib/gcc/arm-none-eabi/9.2.1/../../../arm-none-eabi/lib/thumb/v7e-m+fp/hard/libm.a(lib_a-ef_rem_pio2.o)
 .data          0x0000000000002898        0x0 /usr/lib/gcc/arm-none-eabi/9.2.1/../../../arm-none-eabi/lib/thumb/v7e-m+fp/hard/libm.a(lib_a-kf_cos.o)
 .data          0x0000000000002898        0x0 /usr/lib/gcc/arm-none-eabi/9.2.1/../../../arm-none-eabi/lib/thumb/v7e-m+fp/hard/libm.a(lib_a-kf_rem_pio2.o)
 .data          0x0000000000002898        0x0 /usr/lib/gcc/arm-none-eabi/9.2.1/../../../arm-none-eabi/lib/thumb/v7e-m+fp/hard/libm.a(lib_a-kf_sin.o)
 .data          0x0000000000002898        0x0 /usr/lib/gcc/arm-none-eabi/9.2.1/../../../arm-none-eabi/lib/thumb/v7e-m+fp/hard/libm.a(lib_a-sf_fabs.o)
 .data          0x0000000000002898        0x0 /usr/lib/gcc/arm-none-eabi/9.2.1/../../../arm-none-eabi/lib/thumb/v7e-m+fp/hard/libm.a(lib_a-sf_floor.o)
 .data          0x0000000000002898        0x0 /usr/lib/gcc/arm-none-eabi/9.2.1/../../../arm-none-eabi/lib/thumb/v7e-m+fp/hard/libm.a(lib_a-sf_scalbn.o)
 *(.data.*)
 .data.rel.ro   0x0000000000002898        0x0 /workspace/nts-3_kaoss/rearrange-genericfx//build/obj/header.o
 .data.rel.local._ZZNK6Effect20getParameterStrValueEhlE5names
                0x0000000000002898       0x14 /workspace/nts-3_kaoss/rearrange-genericfx//build/obj/unit.o
                0x0000000000002898                Effect::getParameterStrValue(unsigned char, long) const::names
                0x00000000000028ac                . = ALIGN (0x4)
                0x00000000000028ac                __data_end__ = .

.bss            0x00000000000028ac     0x20b8
                0x00000000000028ac                . = ALIGN (0x4)
                0x00000000000028ac                __bss_start__ = .
 *(.bss)
 .bss           0x00000000000028ac        0x0 /workspace/nts-3_kaoss/rearrange-genericfx//build/obj/header.o
 .bss           0x00000000000028ac        0x0 /workspace/nts-3_kaoss/rearrange-genericfx//build/obj/_unit_base.o
 .bss           0x00000000000028ac       0xb8 /workspace/nts-3_kaoss/rearrange-genericfx//build/obj/unit.o
 .bss           0x0000000000002964     0x2000 /workspace/nts-3_kaoss/rearrange-genericfx//build/obj/params.o
                0x0000000000002964                g_hannLut
                0x0000000000003964                g_sinLut
 .bss           0x0000000000004964        0x0 /usr/lib/gcc/arm-none-eabi/9.2.1/../../../arm-none-eabi/lib/thumb/v7e-m+fp/hard/libc_nano.a(lib_a-memset.o)
 .bss           0x0000000000004964        0x0 /usr/lib/gcc/arm-none-eabi/9.2.1/../../../arm-none-eabi/lib/thumb/v7e-m+fp/hard/libm.a(lib_a-sf_cos.o)
 .bss           0x0000000000004964        0x0 /usr/lib/gcc/arm-none-eabi/9.2.1/../../../arm-none-eabi/lib/thumb/v7e-m+fp/hard/libm.a(lib_a-sf_sin.o)
 .bss           0x0000000000004964        0x0 /usr/lib/gcc/arm-none-eabi/9.2.1/../../../arm-none-eabi/lib/thumb/v7e-m+fp/hard/libm.a(lib_a-ef_rem_pio2.o)
 .bss           0x0000000000004964        0x0 /usr/lib/gcc/arm-none-eabi/9.2.1/../../../arm-none-eabi/lib/thumb/v7e-m+fp/hard/libm.a(lib_a-kf_cos.o)
 .bss           0x0000000000004964        0x0 /usr/lib/gcc/arm-none-eabi/9.2.1/../../../arm-none-eabi/lib/thumb/v7e-m+fp/hard/libm.a(lib_a-kf_rem_pio2.o)
 .bss           0x0000000000004964        0x0 /usr/lib/gcc/arm-none-eabi/9.2.1/../../../arm-none-eabi/lib/thumb/v7e-m+fp/hard/libm.a(lib_a-kf_sin.o)
 .bss           0x0000000000004964        0x0 /usr/lib/gcc/arm-none-eabi/9.2.1/../../../arm-none-eabi/lib/thumb/v7e-m+fp/hard/libm.a(lib_a-sf_fabs.o)
 .bss           0x0000000000004964        0x0 /usr/lib/gcc/arm-none-eabi/9.2.1/../../../arm-none-eabi/lib/thumb/v7e-m+fp/hard/libm.a(lib_a-sf_floor.o)
 .bss           0x0000000000004964        0x0 /usr/lib/gcc/arm-none-eabi/9.2.1/../../../arm-none-eabi/lib/thumb/v7e-m+fp/hard/libm.a(lib_a-sf_scalbn.o)
 *(.bss.*)
 *(COMMON)
                0x0000000000004964                . = ALIGN (0x4)
                0x0000000000004964                __bss_end__ = .

.dynbss         0x0000000000004964        0x0
 .dynbss        0x0000000000004964        0x0 /workspace/nts-3_kaoss/rearrange-genericfx//build/obj/header.o

.stack          0x0000000000004970        0x4
                0x0000000000004970                . = ALIGN (0x10)
                0x0000000000004970                __HEAP = .
                0x0000000000004970                _end = .
                0x0000000000004970                end = .
                0x0000000000004970                . = (. + __heap_size)
                0x0000000000004970                __HEAP_END = .
                0x0000000000004970                _stack_end = .
                0x0000000000004970                . = (. + __stack_size)
                0x0000000000004970                _stack_addr = .
                0x0000000000004970                __stack = .
                0x0000000000004970                __SP_INIT = .
                0x0000000000004974                . = (. + 0x4)
 *fill*         0x0000000000004970        0x4 

/DISCARD/
 *(.fini_array.* .fini_array .dtors.* .dtors)
 *(.note.GNU-stack)
 *(.gnu_debuglink)
 *(.gnu.lto_*)
LOAD /usr/lib/gcc/arm-none-eabi/9.2.1/../../../arm-none-eabi/lib/thumb/v7e-m+fp/hard/libc_nano.a
LOAD /usr/lib/gcc/arm-none-eabi/9.2.1/../../../arm-none-eabi/lib/thumb/v7e-m+fp/hard/libm.a
START GROUP
LOAD /usr/lib/gcc/arm-none-eabi/9.2.1/thumb/v7e-m+fp/hard/libgcc.a
END GROUP
START GROUP
LOAD /usr/lib/gcc/arm-none-eabi/9.2.1/thumb/v7e-m+fp/hard/libgcc.a
LOAD /usr/lib/gcc/arm-none-eabi/9.2.1/../../../arm-none-eabi/lib/thumb/v7e-m+fp/hard/libc_nano.a
LOAD /usr/lib/gcc/arm-none-eabi/9.2.1/../../../arm-none-eabi/lib/thumb/v7e-m+fp/hard/libnosys.a
END GROUP
START GROUP
LOAD /usr/lib/gcc/arm-none-eabi/9.2.1/thumb/v7e-m+fp/hard/libgcc.a
LOAD /usr/lib/gcc/arm-none-eabi/9.2.1/../../../arm-none-eabi/lib/thumb/v7e-m+fp/hard/libc_nano.a
LOAD /usr/lib/gcc/arm-none-eabi/9.2.1/../../../arm-none-eabi/lib/thumb/v7e-m+fp/hard/libnosys.a
END GROUP
OUTPUT(/workspace/nts-3_kaoss/rearrange-genericfx//build/rearrange_genericfx.elf elf32-littlearm)
LOAD linker stubs

.debug_info     0x0000000000000000     0xf371
 .debug_info    0x0000000000000000      0xf82 /workspace/nts-3_kaoss/rearrange-genericfx//build/obj/header.o
 .debug_info    0x0000000000000f82     0x1205 /workspace/nts-3_kaoss/rearrange-genericfx//build/obj/_unit_base.o
 .debug_info    0x0000000000002187     0x4c10 /workspace/nts-3_kaoss/rearrange-genericfx//build/obj/unit.o
 .debug_info    0x0000000000006d97     0x133a /workspace/nts-3_kaoss/rearrange-genericfx//build/obj/params.o
 .debug_info    0x00000000000080d1      0xf21 /usr/lib/gcc/arm-none-eabi/9.2.1/../../../arm-none-eabi/lib/thumb/v7e-m+fp/hard/libc_nano.a(lib_a-memset.o)
 .debug_info    0x0000000000008ff2      0xaac /usr/lib/gcc/arm-none-eabi/9.2.1/../../../arm-none-eabi/lib/thumb/v7e-m+fp/hard/libm.a(lib_a-sf_cos.o)
 .debug_info    0x0000000000009a9e      0xab7 /usr/lib/gcc/arm-none-eabi/9.2.1/../../../arm-none-eabi/lib/thumb/v7e-m+fp/hard/libm.a(lib_a-sf_sin.o)
 .debug_info    0x000000000000a555      0xcbb /usr/lib/gcc/arm-none-eabi/9.2.1/../../../arm-none-eabi/lib/thumb/v7e-m+fp/hard/libm.a(lib_a-ef_rem_pio2.o)
 .debug_info    0x000000000000b210      0xaef /usr/lib/gcc/arm-none-eabi/9.2.1/../../../arm-none-eabi/lib/thumb/v7e-m+fp/hard/libm.a(lib_a-kf_cos.o)
 .debug_info    0x000000000000bcff      0xcb6 /usr/lib/gcc/arm-none-eabi/9.2.1/../../../arm-none-eabi/lib/thumb/v7e-m+fp/hard/libm.a(lib_a-kf_rem_pio2.o)
 .debug_info    0x000000000000c9b5      0xab4 /usr/lib/gcc/arm-none-eabi/9.2.1/../../../arm-none-eabi/lib/thumb/v7e-m+fp/hard/libm.a(lib_a-kf_sin.o)
 .debug_info    0x000000000000d469      0xa00 /usr/lib/gcc/arm-none-eabi/9.2.1/../../../arm-none-eabi/lib/thumb/v7e-m+fp/hard/libm.a(lib_a-sf_fabs.o)
 .debug_info    0x000000000000de69      0xa4a /usr/lib/gcc/arm-none-eabi/9.2.1/../../../arm-none-eabi/lib/thumb/v7e-m+fp/hard/libm.a(lib_a-sf_floor.o)
 .debug_info    0x000000000000e8b3      0xabe /usr/lib/gcc/arm-none-eabi/9.2.1/../../../arm-none-eabi/lib/thumb/v7e-m+fp/hard/libm.a(lib_a-sf_scalbn.o)

.debug_abbrev   0x0000000000000000     0x294a
 .debug_abbrev  0x0000000000000000      0x249 /workspace/nts-3_kaoss/rearrange-genericfx//build/obj/header.o
 .debug_abbrev  0x0000000000000249      0x370 /workspace/nts-3_kaoss/rearrange-genericfx//build/obj/_unit_base.o
 .debug_abbrev  0x00000000000005b9      0x7ce /workspace/nts-3_kaoss/rearrange-genericfx//build/obj/unit.o
 .debug_abbrev  0x0000000000000d87      0x3d0 /workspace/nts-3_kaoss/rearrange-genericfx//build/obj/params.o
 .debug_abbrev  0x0000000000001157      0x1d9 /usr/lib/gcc/arm-none-eabi/9.2.1/../../../arm-none-eabi/lib/thumb/v7e-m+fp/hard/libc_nano.a(lib_a-memset.o)
 .debug_abbrev  0x0000000000001330      0x285 /usr/lib/gcc/arm-none-eabi/9.2.1/../../../arm-none-eabi/lib/thumb/v7e-m+fp/hard/libm.a(lib_a-sf_cos.o)
 .debug_abbrev  0x00000000000015b5      0x290 /usr/lib/gcc/arm-none-eabi/9.2.1/../../../arm-none-eabi/lib/thumb/v7e-m+fp/hard/libm.a(lib_a-sf_sin.o)
 .debug_abbrev  0x0000000000001845      0x2bd /usr/lib/gcc/arm-none-eabi/9.2.1/../../../arm-none-eabi/lib/thumb/v7e-m+fp/hard/libm.a(lib_a-ef_rem_pio2.o)
 .debug_abbrev  0x0000000000001b02      0x246 /usr/lib/gcc/arm-none-eabi/9.2.1/../../../arm-none-eabi/lib/thumb/v7e-m+fp/hard/libm.a(lib_a-kf_cos.o)
 .debug_abbrev  0x0000000000001d48      0x2c1 /usr/lib/gcc/arm-none-eabi/9.2.1/../../../arm-none-eabi/lib/thumb/v7e-m+fp/hard/libm.a(lib_a-kf_rem_pio2.o)
 .debug_abbrev  0x0000000000002009      0x25d /usr/lib/gcc/arm-none-eabi/9.2.1/../../../arm-none-eabi/lib/thumb/v7e-m+fp/hard/libm.a(lib_a-kf_sin.o)
 .debug_abbrev  0x0000000000002266      0x235 /usr/lib/gcc/arm-none-eabi/9.2.1/../../../arm-none-eabi/lib/thumb/v7e-m+fp/hard/libm.a(lib_a-sf_fabs.o)
 .debug_abbrev  0x000000000000249b      0x251 /usr/lib/gcc/arm-none-eabi/9.2.1/../../../arm-none-eabi/lib/thumb/v7e-m+fp/hard/libm.a(lib_a-sf_floor.o)
 .debug_abbrev  0x00000000000026ec      0x25e /usr/lib/gcc/arm-none-eabi/9.2.1/../../../arm-none-eabi/lib/thumb/v7e-m+fp/hard/libm.a(lib_a-sf_scalbn.o)

.debug_aranges  0x0000000000000000      0x1e8
 .debug_aranges
                0x0000000000000000       0x18 /workspace/nts-3_kaoss/rearrange-genericfx//build/obj/header.o
 .debug_aranges
                0x0000000000000018       0x20 /workspace/nts-3_kaoss/rearrange-genericfx//build/obj/_unit_base.o
 .debug_aranges
                0x0000000000000038       0x50 /workspace/nts-3_kaoss/rearrange-genericfx//build/obj/unit.o
 .debug_aranges
                0x0000000000000088       0x20 /workspace/nts-3_kaoss/rearrange-genericfx//build/obj/params.o
 .debug_aranges
                0x00000000000000a8       0x20 /usr/lib/gcc/arm-none-eabi/9.2.1/../../../arm-none-eabi/lib/thumb/v7e-m+fp/hard/libc_nano.a(lib_a-memset.o)
 .debug_aranges
                0x00000000000000c8       0x20 /usr/lib/gcc/arm-none-eabi/9.2.1/../../../arm-none-eabi/lib/thumb/v7e-m+fp/hard/libm.a(lib_a-sf_cos.o)
 .debug_aranges
                0x00000000000000e8       0x20 /usr/lib/gcc/arm-none-eabi/9.2.1/../../../arm-none-eabi/lib/thumb/v7e-m+fp/hard/libm.a(lib_a-sf_sin.o)
 .debug_aranges
                0x0000000000000108       0x20 /usr/lib/gcc/arm-none-eabi/9.2.1/../../../arm-none-eabi/lib/thumb/v7e-m+fp/hard/libm.a(lib_a-ef_rem_pio2.o)
 .debug_aranges
                0x0000000000000128       0x20 /usr/lib/gcc/arm-none-eabi/9.2.1/../../../arm-none-eabi/lib/thumb/v7e-m+fp/hard/libm.a(lib_a-kf_cos.o)
 .debug_aranges
                0x0000000000000148       0x20 /usr/lib/gcc/arm-none-eabi/9.2.1/../../../arm-none-eabi/lib/thumb/v7e-m+fp/hard/libm.a(lib_a-kf_rem_pio2.o)
 .debug_aranges
                0x0000000000000168       0x20 /usr/lib/gcc/arm-none-eabi/9.2.1/../../../arm-none-eabi/lib/thumb/v7e-m+fp/hard/libm.a(lib_a-kf_sin.o)
 .debug_aranges
                0x0000000000000188       0x20 /usr/lib/gcc/arm-none-eabi/9.2.1/../../../arm-none-eabi/lib/thumb/v7e-m+fp/hard/libm.a(lib_a-sf_fabs.o)
 .debug_aranges
                0x00000000000001a8       0x20 /usr/lib/gcc/arm-none-eabi/9.2.1/../../../arm-none-eabi/lib/thumb/v7e-m+fp/hard/libm.a(lib_a-sf_floor.o)
 .debug_aranges
                0x00000000000001c8       0x20 /usr/lib/gcc/arm-none-eabi/9.2.1/../../../arm-none-eabi/lib/thumb/v7e-m+fp/hard/libm.a(lib_a-sf_scalbn.o)

.debug_line     0x0000000000000000     0x3217
 .debug_line    0x0000000000000000       0xfb /workspace/nts-3_kaoss/rearrange-genericfx//build/obj/header.o
 .debug_line    0x00000000000000fb      0x1a3 /workspace/nts-3_kaoss/rearrange-genericfx//build/obj/_unit_base.o
 .debug_line    0x000000000000029e      0xabb /workspace/nts-3_kaoss/rearrange-genericfx//build/obj/unit.o
 .debug_line    0x0000000000000d59      0x2bb /workspace/nts-3_kaoss/rearrange-genericfx//build/obj/params.o
 .debug_line    0x0000000000001014      0x26b /usr/lib/gcc/arm-none-eabi/9.2.1/../../../arm-none-eabi/lib/thumb/v7e-m+fp/hard/libc_nano.a(lib_a-memset.o)
 .debug_line    0x000000000000127f      0x262 /usr/lib/gcc/arm-none-eabi/9.2.1/../../../arm-none-eabi/lib/thumb/v7e-m+fp/hard/libm.a(lib_a-sf_cos.o)
 .debug_line    0x00000000000014e1      0x262 /usr/lib/gcc/arm-none-eabi/9.2.1/../../../arm-none-eabi/lib/thumb/v7e-m+fp/hard/libm.a(lib_a-sf_sin.o)
 .debug_line    0x0000000000001743      0x53b /usr/lib/gcc/arm-none-eabi/9.2.1/../../../arm-none-eabi/lib/thumb/v7e-m+fp/hard/libm.a(lib_a-ef_rem_pio2.o)
 .debug_line    0x0000000000001c7e      0x2a9 /usr/lib/gcc/arm-none-eabi/9.2.1/../../../arm-none-eabi/lib/thumb/v7e-m+fp/hard/libm.a(lib_a-kf_cos.o)
 .debug_line    0x0000000000001f27      0x95f /usr/lib/gcc/arm-none-eabi/9.2.1/../../../arm-none-eabi/lib/thumb/v7e-m+fp/hard/libm.a(lib_a-kf_rem_pio2.o)
 .debug_line    0x0000000000002886      0x24d /usr/lib/gcc/arm-none-eabi/9.2.1/../../../arm-none-eabi/lib/thumb/v7e-m+fp/hard/libm.a(lib_a-kf_sin.o)
 .debug_line    0x0000000000002ad3      0x1e1 /usr/lib/gcc/arm-none-eabi/9.2.1/../../../arm-none-eabi/lib/thumb/v7e-m+fp/hard/libm.a(lib_a-sf_fabs.o)
 .debug_line    0x0000000000002cb4      0x2aa /usr/lib/gcc/arm-none-eabi/9.2.1/../../../arm-none-eabi/lib/thumb/v7e-m+fp/hard/libm.a(lib_a-sf_floor.o)
 .debug_line    0x0000000000002f5e      0x2b9 /usr/lib/gcc/arm-none-eabi/9.2.1/../../../arm-none-eabi/lib/thumb/v7e-m+fp/hard/libm.a(lib_a-sf_scalbn.o)

.debug_str      0x0000000000000000     0x2c24
 .debug_str     0x0000000000000000      0xcab /workspace/nts-3_kaoss/rearrange-genericfx//build/obj/header.o
                                        0xdd1 (size before relaxing)
 .debug_str     0x0000000000000cab      0x2a9 /workspace/nts-3_kaoss/rearrange-genericfx//build/obj/_unit_base.o
                                        0xd42 (size before relaxing)
 .debug_str     0x0000000000000f54     0x137c /workspace/nts-3_kaoss/rearrange-genericfx//build/obj/unit.o
                                       0x1ec2 (size before relaxing)
 .debug_str     0x00000000000022d0       0x51 /workspace/nts-3_kaoss/rearrange-genericfx//build/obj/params.o
                                        0x9bb (size before relaxing)
 .debug_str     0x0000000000002321      0x40c /usr/lib/gcc/arm-none-eabi/9.2.1/../../../arm-none-eabi/lib/thumb/v7e-m+fp/hard/libc_nano.a(lib_a-memset.o)
                                        0x90f (size before relaxing)
 .debug_str     0x000000000000272d      0x130 /usr/lib/gcc/arm-none-eabi/9.2.1/../../../arm-none-eabi/lib/thumb/v7e-m+fp/hard/libm.a(lib_a-sf_cos.o)
                                        0x64d (size before relaxing)
 .debug_str     0x000000000000285d       0x32 /usr/lib/gcc/arm-none-eabi/9.2.1/../../../arm-none-eabi/lib/thumb/v7e-m+fp/hard/libm.a(lib_a-sf_sin.o)
                                        0x64d (size before relaxing)
 .debug_str     0x000000000000288f       0xad /usr/lib/gcc/arm-none-eabi/9.2.1/../../../arm-none-eabi/lib/thumb/v7e-m+fp/hard/libm.a(lib_a-ef_rem_pio2.o)
                                        0x6ad (size before relaxing)
 .debug_str     0x000000000000293c       0x32 /usr/lib/gcc/arm-none-eabi/9.2.1/../../../arm-none-eabi/lib/thumb/v7e-m+fp/hard/libm.a(lib_a-kf_cos.o)
                                        0x62b (size before relaxing)
 .debug_str     0x000000000000296e       0x68 /usr/lib/gcc/arm-none-eabi/9.2.1/../../../arm-none-eabi/lib/thumb/v7e-m+fp/hard/libm.a(lib_a-kf_rem_pio2.o)
                                        0x646 (size before relaxing)
 .debug_str     0x00000000000029d6       0x32 /usr/lib/gcc/arm-none-eabi/9.2.1/../../../arm-none-eabi/lib/thumb/v7e-m+fp/hard/libm.a(lib_a-kf_sin.o)
                                        0x62b (size before relaxing)
 .debug_str     0x0000000000002a08       0x33 /usr/lib/gcc/arm-none-eabi/9.2.1/../../../arm-none-eabi/lib/thumb/v7e-m+fp/hard/libm.a(lib_a-sf_fabs.o)
                                        0x61a (size before relaxing)
 .debug_str     0x0000000000002a3b       0xa5 /usr/lib/gcc/arm-none-eabi/9.2.1/../../../arm-none-eabi/lib/thumb/v7e-m+fp/hard/libm.a(lib_a-sf_floor.o)
                                        0x63c (size before relaxing)
 .debug_str     0x0000000000002ae0      0x144 /usr/lib/gcc/arm-none-eabi/9.2.1/../../../arm-none-eabi/lib/thumb/v7e-m+fp/hard/libm.a(lib_a-sf_scalbn.o)
                                        0x650 (size before relaxing)

.comment        0x0000000000000000       0xa7
 .comment       0x0000000000000000       0x59 /workspace/nts-3_kaoss/rearrange-genericfx//build/obj/header.o
                                         0x5a (size before relaxing)
 .comment       0x0000000000000059       0x5a /workspace/nts-3_kaoss/rearrange-genericfx//build/obj/_unit_base.o
 .comment       0x0000000000000059       0x5a /workspace/nts-3_kaoss/rearrange-genericfx//build/obj/unit.o
 .comment       0x0000000000000059       0x5a /workspace/nts-3_kaoss/rearrange-genericfx//build/obj/params.o
 .comment       0x0000000000000059       0x4e /usr/lib/gcc/arm-none-eabi/9.2.1/../../../arm-none-eabi/lib/thumb/v7e-m+fp/hard/libc_nano.a(lib_a-memset.o)
                                         0x4f (size before relaxing)
 .comment       0x00000000000000a7       0x4f /usr/lib/gcc/arm-none-eabi/9.2.1/../../../arm-none-eabi/lib/thumb/v7e-m+fp/hard/libm.a(lib_a-sf_cos.o)
 .comment       0x00000000000000a7       0x4f /usr/lib/gcc/arm-none-eabi/9.2.1/../../../arm-none-eabi/lib/thumb/v7e-m+fp/hard/libm.a(lib_a-sf_sin.o)
 .comment       0x00000000000000a7       0x4f /usr/lib/gcc/arm-none-eabi/9.2.1/../../../arm-none-eabi/lib/thumb/v7e-m+fp/hard/libm.a(lib_a-ef_rem_pio2.o)
 .comment       0x00000000000000a7       0x4f /usr/lib/gcc/arm-none-eabi/9.2.1/../../../arm-none-eabi/lib/thumb/v7e-m+fp/hard/libm.a(lib_a-kf_cos.o)
 .comment       0x00000000000000a7       0x4f /usr/lib/gcc/arm-none-eabi/9.2.1/../../../arm-none-eabi/lib/thumb/v7e-m+fp/hard/libm.a(lib_a-kf_rem_pio2.o)
 .comment       0x00000000000000a7       0x4f /usr/lib/gcc/arm-none-eabi/9.2.1/../../../arm-none-eabi/lib/thumb/v7e-m+fp/hard/libm.a(lib_a-kf_sin.o)
 .comment       0x00000000000000a7       0x4f /usr/lib/gcc/arm-none-eabi/9.2.1/../../../arm-none-eabi/lib/thumb/v7e-m+fp/hard/libm.a(lib_a-sf_fabs.o)
 .comment       0x00000000000000a7       0x4f /usr/lib/gcc/arm-none-eabi/9.2.1/../../../arm-none-eabi/lib/thumb/v7e-m+fp/hard/libm.a(lib_a-sf_floor.o)
 .comment       0x00000000000000a7       0x4f /usr/lib/gcc/arm-none-eabi/9.2.1/../../../arm-none-eabi/lib/thumb/v7e-m+fp/hard/libm.a(lib_a-sf_scalbn.o)

.ARM.attributes
                0x0000000000000000       0x39
 .ARM.attributes
                0x0000000000000000       0x39 /workspace/nts-3_kaoss/rearrange-genericfx//build/obj/header.o
 .ARM.attributes
                0x0000000000000039       0x34 /workspace/nts-3_kaoss/rearrange-genericfx//build/obj/_unit_base.o
 .ARM.attributes
                0x000000000000006d       0x34 /workspace/nts-3_kaoss/rearrange-genericfx//build/obj/unit.o
 .ARM.attributes
                0x00000000000000a1       0x34 /workspace/nts-3_kaoss/rearrange-genericfx//build/obj/params.o
 .ARM.attributes
                0x00000000000000d5       0x34 /usr/lib/gcc/arm-none-eabi/9.2.1/../../../arm-none-eabi/lib/thumb/v7e-m+fp/hard/libc_nano.a(lib_a-memset.o)
 .ARM.attributes
                0x0000000000000109       0x34 /usr/lib/gcc/arm-none-eabi/9.2.1/../../../arm-none-eabi/lib/thumb/v7e-m+fp/hard/libm.a(lib_a-sf_cos.o)
 .ARM.attributes
                0x000000000000013d       0x34 /usr/lib/gcc/arm-none-eabi/9.2.1/../../../arm-none-eabi/lib/thumb/v7e-m+fp/hard/libm.a(lib_a-sf_sin.o)
 .ARM.attributes
                0x0000000000000171       0x34 /usr/lib/gcc/arm-none-eabi/9.2.1/../../../arm-none-eabi/lib/thumb/v7e-m+fp/hard/libm.a(lib_a-ef_rem_pio2.o)
 .ARM.attributes
                0x00000000000001a5       0x34 /usr/lib/gcc/arm-none-eabi/9.2.1/../../../arm-none-eabi/lib/thumb/v7e-m+fp/hard/libm.a(lib_a-kf_cos.o)
 .ARM.attributes
                0x00000000000001d9       0x34 /usr/lib/gcc/arm-none-eabi/9.2.1/../../../arm-none-eabi/lib/thumb/v7e-m+fp/hard/libm.a(lib_a-kf_rem_pio2.o)
 .ARM.attributes
                0x000000000000020d       0x34 /usr/lib/gcc/arm-none-eabi/9.2.1/../../../arm-none-eabi/lib/thumb/v7e-m+fp/hard/libm.a(lib_a-kf_sin.o)
 .ARM.attributes
                0x0000000000000241       0x34 /usr/lib/gcc/arm-none-eabi/9.2.1/../../../arm-none-eabi/lib/thumb/v7e-m+fp/hard/libm.a(lib_a-sf_fabs.o)
 .ARM.attributes
                0x0000000000000275       0x34 /usr/lib/gcc/arm-none-eabi/9.2.1/../../../arm-none-eabi/lib/thumb/v7e-m+fp/hard/libm.a(lib_a-sf_floor.o)
 .ARM.attributes
                0x00000000000002a9       0x34 /usr/lib/gcc/arm-none-eabi/9.2.1/../../../arm-none-eabi/lib/thumb/v7e-m+fp/hard/libm.a(lib_a-sf_scalbn.o)

.debug_loc      0x0000000000000000     0x3271
 .debug_loc     0x0000000000000000       0x6f /workspace/nts-3_kaoss/rearrange-genericfx//build/obj/_unit_base.o
 .debug_loc     0x000000000000006f     0x11d2 /workspace/nts-3_kaoss/rearrange-genericfx//build/obj/unit.o
 .debug_loc     0x0000000000001241       0xf4 /workspace/nts-3_kaoss/rearrange-genericfx//build/obj/params.o
 .debug_loc     0x0000000000001335      0x231 /usr/lib/gcc/arm-none-eabi/9.2.1/../../../arm-none-eabi/lib/thumb/v7e-m+fp/hard/libc_nano.a(lib_a-memset.o)
 .debug_loc     0x0000000000001566       0xd2 /usr/lib/gcc/arm-none-eabi/9.2.1/../../../arm-none-eabi/lib/thumb/v7e-m+fp/hard/libm.a(lib_a-sf_cos.o)
 .debug_loc     0x0000000000001638       0xd2 /usr/lib/gcc/arm-none-eabi/9.2.1/../../../arm-none-eabi/lib/thumb/v7e-m+fp/hard/libm.a(lib_a-sf_sin.o)
 .debug_loc     0x000000000000170a      0x655 /usr/lib/gcc/arm-none-eabi/9.2.1/../../../arm-none-eabi/lib/thumb/v7e-m+fp/hard/libm.a(lib_a-ef_rem_pio2.o)
 .debug_loc     0x0000000000001d5f      0x233 /usr/lib/gcc/arm-none-eabi/9.2.1/../../../arm-none-eabi/lib/thumb/v7e-m+fp/hard/libm.a(lib_a-kf_cos.o)
 .debug_loc     0x0000000000001f92      0xb2e /usr/lib/gcc/arm-none-eabi/9.2.1/../../../arm-none-eabi/lib/thumb/v7e-m+fp/hard/libm.a(lib_a-kf_rem_pio2.o)
 .debug_loc     0x0000000000002ac0      0x12f /usr/lib/gcc/arm-none-eabi/9.2.1/../../../arm-none-eabi/lib/thumb/v7e-m+fp/hard/libm.a(lib_a-kf_sin.o)
 .debug_loc     0x0000000000002bef       0x7c /usr/lib/gcc/arm-none-eabi/9.2.1/../../../arm-none-eabi/lib/thumb/v7e-m+fp/hard/libm.a(lib_a-sf_fabs.o)
 .debug_loc     0x0000000000002c6b      0x256 /usr/lib/gcc/arm-none-eabi/9.2.1/../../../arm-none-eabi/lib/thumb/v7e-m+fp/hard/libm.a(lib_a-sf_floor.o)
 .debug_loc     0x0000000000002ec1      0x3b0 /usr/lib/gcc/arm-none-eabi/9.2.1/../../../arm-none-eabi/lib/thumb/v7e-m+fp/hard/libm.a(lib_a-sf_scalbn.o)

.debug_frame    0x0000000000000000      0x4f8
 .debug_frame   0x0000000000000000       0xd0 /workspace/nts-3_kaoss/rearrange-genericfx//build/obj/_unit_base.o
 .debug_frame   0x00000000000000d0      0x1b8 /workspace/nts-3_kaoss/rearrange-genericfx//build/obj/unit.o
 .debug_frame   0x0000000000000288       0x74 /workspace/nts-3_kaoss/rearrange-genericfx//build/obj/params.o
 .debug_frame   0x00000000000002fc       0x38 /usr/lib/gcc/arm-none-eabi/9.2.1/../../../arm-none-eabi/lib/thumb/v7e-m+fp/hard/libc_nano.a(lib_a-memset.o)
 .debug_frame   0x0000000000000334       0x34 /usr/lib/gcc/arm-none-eabi/9.2.1/../../../arm-none-eabi/lib/thumb/v7e-m+fp/hard/libm.a(lib_a-sf_cos.o)
 .debug_frame   0x0000000000000368       0x34 /usr/lib/gcc/arm-none-eabi/9.2.1/../../../arm-none-eabi/lib/thumb/v7e-m+fp/hard/libm.a(lib_a-sf_sin.o)
 .debug_frame   0x000000000000039c       0x44 /usr/lib/gcc/arm-none-eabi/9.2.1/../../../arm-none-eabi/lib/thumb/v7e-m+fp/hard/libm.a(lib_a-ef_rem_pio2.o)
 .debug_frame   0x00000000000003e0       0x20 /usr/lib/gcc/arm-none-eabi/9.2.1/../../../arm-none-eabi/lib/thumb/v7e-m+fp/hard/libm.a(lib_a-kf_cos.o)
 .debug_frame   0x0000000000000400       0x5c /usr/lib/gcc/arm-none-eabi/9.2.1/../../../arm-none-eabi/lib/thumb/v7e-m+fp/hard/libm.a(lib_a-kf_rem_pio2.o)
 .debug_frame   0x000000000000045c       0x20 /usr/lib/gcc/arm-none-eabi/9.2.1/../../../arm-none-eabi/lib/thumb/v7e-m+fp/hard/libm.a(lib_a-kf_sin.o)
 .debug_frame   0x000000000000047c       0x20 /usr/lib/gcc/arm-none-eabi/9.2.1/../../../arm-none-eabi/lib/thumb/v7e-m+fp/hard/libm.a(lib_a-sf_fabs.o)
 .debug_frame   0x000000000000049c       0x20 /usr/lib/gcc/arm-none-eabi/9.2.1/../../../arm-none-eabi/lib/thumb/v7e-m+fp/hard/libm.a(lib_a-sf_floor.o)
 .debug_frame   0x00000000000004bc       0x3c /usr/lib/gcc/arm-none-eabi/9.2.1/../../../arm-none-eabi/lib/thumb/v7e-m+fp/hard/libm.a(lib_a-sf_scalbn.o)

.debug_ranges   0x0000000000000000      0x430
 .debug_ranges  0x0000000000000000      0x310 /workspace/nts-3_kaoss/rearrange-genericfx//build/obj/unit.o
 .debug_ranges  0x0000000000000310       0x60 /workspace/nts-3_kaoss/rearrange-genericfx//build/obj/params.o
 .debug_ranges  0x0000000000000370       0x18 /usr/lib/gcc/arm-none-eabi/9.2.1/../../../arm-none-eabi/lib/thumb/v7e-m+fp/hard/libm.a(lib_a-sf_cos.o)
 .debug_ranges  0x0000000000000388       0x18 /usr/lib/gcc/arm-none-eabi/9.2.1/../../../arm-none-eabi/lib/thumb/v7e-m+fp/hard/libm.a(lib_a-sf_sin.o)
 .debug_ranges  0x00000000000003a0       0x38 /usr/lib/gcc/arm-none-eabi/9.2.1/../../../arm-none-eabi/lib/thumb/v7e-m+fp/hard/libm.a(lib_a-ef_rem_pio2.o)
 .debug_ranges  0x00000000000003d8       0x10 /usr/lib/gcc/arm-none-eabi/9.2.1/../../../arm-none-eabi/lib/thumb/v7e-m+fp/hard/libm.a(lib_a-sf_fabs.o)
 .debug_ranges  0x00000000000003e8       0x48 /usr/lib/gcc/arm-none-eabi/9.2.1/../../../arm-none-eabi/lib/thumb/v7e-m+fp/hard/libm.a(lib_a-sf_scalbn.o)

Cross Reference Table

Symbol                                            File
DelayLine::readHermite(float) const               /workspace/nts-3_kaoss/rearrange-genericfx//build/obj/unit.o
Effect::Init(unit_runtime_desc const*)            /workspace/nts-3_kaoss/rearrange-genericfx//build/obj/unit.o
Effect::getParameterStrValue(unsigned char, long) const::names /workspace/nts-3_kaoss/rearrange-genericfx//build/obj/unit.o
RearrangeDelay::process(float const*, float*, unsigned long) /workspace/nts-3_kaoss/rearrange-genericfx//build/obj/unit.o
RearrangeDelay::setPreset(int)                    /workspace/nts-3_kaoss/rearrange-genericfx//build/obj/unit.o
RearrangeDelay::setTempo(unsigned long)           /workspace/nts-3_kaoss/rearrange-genericfx//build/obj/unit.o
_DYNAMIC                                          /workspace/nts-3_kaoss/rearrange-genericfx//build/obj/header.o
_GLOBAL_OFFSET_TABLE_                             /workspace/nts-3_kaoss/rearrange-genericfx//build/obj/header.o
                                                  /workspace/nts-3_kaoss/rearrange-genericfx//build/obj/params.o
                                                  /workspace/nts-3_kaoss/rearrange-genericfx//build/obj/unit.o
__ieee754_rem_pio2f                               /usr/lib/gcc/arm-none-eabi/9.2.1/../../../arm-none-eabi/lib/thumb/v7e-m+fp/hard/libm.a(lib_a-ef_rem_pio2.o)
                                                  /usr/lib/gcc/arm-none-eabi/9.2.1/../../../arm-none-eabi/lib/thumb/v7e-m+fp/hard/libm.a(lib_a-sf_sin.o)
                                                  /usr/lib/gcc/arm-none-eabi/9.2.1/../../../arm-none-eabi/lib/thumb/v7e-m+fp/hard/libm.a(lib_a-sf_cos.o)
__kernel_cosf                                     /usr/lib/gcc/arm-none-eabi/9.2.1/../../../arm-none-eabi/lib/thumb/v7e-m+fp/hard/libm.a(lib_a-kf_cos.o)
                                                  /usr/lib/gcc/arm-none-eabi/9.2.1/../../../arm-none-eabi/lib/thumb/v7e-m+fp/hard/libm.a(lib_a-sf_sin.o)
                                                  /usr/lib/gcc/arm-none-eabi/9.2.1/../../../arm-none-eabi/lib/thumb/v7e-m+fp/hard/libm.a(lib_a-sf_cos.o)
__kernel_rem_pio2f                                /usr/lib/gcc/arm-none-eabi/9.2.1/../../../arm-none-eabi/lib/thumb/v7e-m+fp/hard/libm.a(lib_a-kf_rem_pio2.o)
                                                  /usr/lib/gcc/arm-none-eabi/9.2.1/../../../arm-none-eabi/lib/thumb/v7e-m+fp/hard/libm.a(lib_a-ef_rem_pio2.o)
__kernel_sinf                                     /usr/lib/gcc/arm-none-eabi/9.2.1/../../../arm-none-eabi/lib/thumb/v7e-m+fp/hard/libm.a(lib_a-kf_sin.o)
                                                  /usr/lib/gcc/arm-none-eabi/9.2.1/../../../arm-none-eabi/lib/thumb/v7e-m+fp/hard/libm.a(lib_a-sf_sin.o)
                                                  /usr/lib/gcc/arm-none-eabi/9.2.1/../../../arm-none-eabi/lib/thumb/v7e-m+fp/hard/libm.a(lib_a-sf_cos.o)
cosf                                              /usr/lib/gcc/arm-none-eabi/9.2.1/../../../arm-none-eabi/lib/thumb/v7e-m+fp/hard/libm.a(lib_a-sf_cos.o)
                                                  /workspace/nts-3_kaoss/rearrange-genericfx//build/obj/params.o
fabsf                                             /usr/lib/gcc/arm-none-eabi/9.2.1/../../../arm-none-eabi/lib/thumb/v7e-m+fp/hard/libm.a(lib_a-sf_fabs.o)
                                                  /usr/lib/gcc/arm-none-eabi/9.2.1/../../../arm-none-eabi/lib/thumb/v7e-m+fp/hard/libm.a(lib_a-ef_rem_pio2.o)
floorf                                            /usr/lib/gcc/arm-none-eabi/9.2.1/../../../arm-none-eabi/lib/thumb/v7e-m+fp/hard/libm.a(lib_a-sf_floor.o)
                                                  /usr/lib/gcc/arm-none-eabi/9.2.1/../../../arm-none-eabi/lib/thumb/v7e-m+fp/hard/libm.a(lib_a-kf_rem_pio2.o)
g_hannLut                                         /workspace/nts-3_kaoss/rearrange-genericfx//build/obj/params.o
g_sinLut                                          /workspace/nts-3_kaoss/rearrange-genericfx//build/obj/params.o
initHannLut()                                     /workspace/nts-3_kaoss/rearrange-genericfx//build/obj/params.o
                                                  /workspace/nts-3_kaoss/rearrange-genericfx//build/obj/unit.o
initSinLut()                                      /workspace/nts-3_kaoss/rearrange-genericfx//build/obj/params.o
                                                  /workspace/nts-3_kaoss/rearrange-genericfx//build/obj/unit.o
memset                                            /usr/lib/gcc/arm-none-eabi/9.2.1/../../../arm-none-eabi/lib/thumb/v7e-m+fp/hard/libc_nano.a(lib_a-memset.o)
                                                  /workspace/nts-3_kaoss/rearrange-genericfx//build/obj/unit.o
scalbnf                                           /usr/lib/gcc/arm-none-eabi/9.2.1/../../../arm-none-eabi/lib/thumb/v7e-m+fp/hard/libm.a(lib_a-sf_scalbn.o)
                                                  /usr/lib/gcc/arm-none-eabi/9.2.1/../../../arm-none-eabi/lib/thumb/v7e-m+fp/hard/libm.a(lib_a-kf_rem_pio2.o)
sinf                                              /usr/lib/gcc/arm-none-eabi/9.2.1/../../../arm-none-eabi/lib/thumb/v7e-m+fp/hard/libm.a(lib_a-sf_sin.o)
                                                  /workspace/nts-3_kaoss/rearrange-genericfx//build/obj/params.o
unit_get_param_str_value                          /workspace/nts-3_kaoss/rearrange-genericfx//build/obj/unit.o
                                                  /workspace/nts-3_kaoss/rearrange-genericfx//build/obj/_unit_base.o
unit_get_param_value                              /workspace/nts-3_kaoss/rearrange-genericfx//build/obj/unit.o
                                                  /workspace/nts-3_kaoss/rearrange-genericfx//build/obj/_unit_base.o
unit_header                                       /workspace/nts-3_kaoss/rearrange-genericfx//build/obj/header.o
                                                  /workspace/nts-3_kaoss/rearrange-genericfx//build/obj/unit.o
unit_init                                         /workspace/nts-3_kaoss/rearrange-genericfx//build/obj/unit.o
                                                  /workspace/nts-3_kaoss/rearrange-genericfx//build/obj/_unit_base.o
unit_render                                       /workspace/nts-3_kaoss/rearrange-genericfx//build/obj/unit.o
                                                  /workspace/nts-3_kaoss/rearrange-genericfx//build/obj/_unit_base.o
unit_reset                                        /workspace/nts-3_kaoss/rearrange-genericfx//build/obj/unit.o
                                                  /workspace/nts-3_kaoss/rearrange-genericfx//build/obj/_unit_base.o
unit_resume                                       /workspace/nts-3_kaoss/rearrange-genericfx//build/obj/unit.o
                                                  /workspace/nts-3_kaoss/rearrange-genericfx//build/obj/_unit_base.o
unit_set_param_value                              /workspace/nts-3_kaoss/rearrange-genericfx//build/obj/unit.o
                                                  /workspace/nts-3_kaoss/rearrange-genericfx//build/obj/_unit_base.o
unit_set_tempo                                    /workspace/nts-3_kaoss/rearrange-genericfx//build/obj/unit.o
                                                  /workspace/nts-3_kaoss/rearrange-genericfx//build/obj/_unit_base.o
unit_suspend                                      /workspace/nts-3_kaoss/rearrange-genericfx//build/obj/unit.o
                                                  /workspace/nts-3_kaoss/rearrange-genericfx//build/obj/_unit_base.o
unit_teardown                                     /workspace/nts-3_kaoss/rearrange-genericfx//build/obj/unit.o
                                                  /workspace/nts-3_kaoss/rearrange-genericfx//build/obj/_unit_base.o
unit_tempo_4ppqn_tick                             /workspace/nts-3_kaoss/rearrange-genericfx//build/obj/unit.o
                                                  /workspace/nts-3_kaoss/rearrange-genericfx//build/obj/_unit_base.o
unit_touch_event                                  /workspace/nts-3_kaoss/rearrange-genericfx//build/obj/unit.o
                                                  /workspace/nts-3_kaoss/rearrange-genericfx//build/obj/_unit_base.o
