Archive member included to satisfy reference by file (symbol)

/usr/lib/gcc/arm-none-eabi/9.2.1/../../../arm-none-eabi/lib/thumb/v7e-m+fp/hard/libc_nano.a(lib_a-memset.o)
                              /workspace/nts-3_kaoss/collage-genericfx//build/obj/unit.o (memset)
/usr/lib/gcc/arm-none-eabi/9.2.1/../../../arm-none-eabi/lib/thumb/v7e-m+fp/hard/libm.a(lib_a-sf_cos.o)
                              /workspace/nts-3_kaoss/collage-genericfx//build/obj/params.o (cosf)
/usr/lib/gcc/arm-none-eabi/9.2.1/../../../arm-none-eabi/lib/thumb/v7e-m+fp/hard/libm.a(lib_a-sf_sin.o)
                              /workspace/nts-3_kaoss/collage-genericfx//build/obj/params.o (sinf)
/usr/lib/gcc/arm-none-eabi/9.2.1/../../../arm-none-eabi/lib/thumb/v7e-m+fp/hard/libm.a(lib_a-ef_rem_pio2.o)
                              /usr/lib/gcc/arm-none-eabi/9.2.1/../../../arm-none-eabi/lib/thumb/v7e-m+fp/hard/libm.a(lib_a-sf_cos.o) (__ieee754_rem_pio2f)
/usr/lib/gcc/arm-none-eabi/9.2.1/../../../arm-none-eabi/lib/thumb/v7e-m+fp/hard/libm.a(lib_a-kf_cos.o)
                              /usr/lib/gcc/arm-none-eabi/9.2.1/../../../arm-none-eabi/lib/thumb/v7e-m+fp/hard/libm.a(lib_a-sf_cos.o) (__kernel_cosf)
/usr/lib/gcc/arm-none-eabi/9.2.1/../../../arm-none-eabi/lib/thumb/v7e-m+fp/hard/libm.a(lib_a-kf_rem_pio2.o)
                              /usr/lib/gcc/arm-none-eabi/9.2.1/../../../arm-none-eabi/lib/thumb/v7e-m+fp/hard/libm.a(lib_a-ef_rem_pio2.o) (__kernel_rem_pio2f)
/usr/lib/gcc/arm-none-eabi/9.2.1/../../../arm-none-eabi/lib/thumb/v7e-m+fp/hard/libm.a(lib_a-kf_sin.o)
                              /usr/lib/gcc/arm-none-eabi/9.2.1/../../../arm-none-eabi/lib/thumb/v7e-m+fp/hard/libm.a(lib_a-sf_cos.o) (__kernel_sinf)
/usr/lib/gcc/arm-none-eabi/9.2.1/../../../arm-none-eabi/lib/thumb/v7e-m+fp/hard/libm.a(lib_a-sf_fabs.o)
                              /usr/lib/gcc/arm-none-eabi/9.2.1/../../../arm-none-eabi/lib/thumb/v7e-m+fp/hard/libm.a(lib_a-ef_rem_pio2.o) (fabsf)
/usr/lib/gcc/arm-none-eabi/9.2.1/../../../arm-none-eabi/lib/thumb/v7e-m+fp/hard/libm.a(lib_a-sf_floor.o)
                              /usr/lib/gcc/arm-none-eabi/9.2.1/../../../arm-none-eabi/lib/thumb/v7e-m+fp/hard/libm.a(lib_a-kf_rem_pio2.o) (floorf)
/usr/lib/gcc/arm-none-eabi/9.2.1/../../../arm-none-eabi/lib/thumb/v7e-m+fp/hard/libm.a(lib_a-sf_scalbn.o)
                              /usr/lib/gcc/arm-none-eabi/9.2.1/../../../arm-none-eabi/lib/thumb/v7e-m+fp/hard/libm.a(lib_a-kf_rem_pio2.o) (scalbnf)

Discarded input sections

 .group         0x0000000000000000        0x8 /workspace/nts-3_kaoss/collage-genericfx//build/obj/unit.o
 .group         0x0000000000000000        0xc /workspace/nts-3_kaoss/collage-genericfx//build/obj/unit.o
 .group         0x0000000000000000        0xc /workspace/nts-3_kaoss/collage-genericfx//build/obj/unit.o
 .group         0x0000000000000000        0xc /workspace/nts-3_kaoss/collage-genericfx//build/obj/unit.o
 .group         0x0000000000000000        0xc /workspace/nts-3_kaoss/collage-genericfx//build/obj/unit.o
 .group         0x0000000000000000        0x8 /workspace/nts-3_kaoss/collage-genericfx//build/obj/unit.o

Memory Configuration

Name             Origin             Length             Attributes
*default*        0x0000000000000000 0xffffffffffffffff

Linker script and memory map

LOAD /workspace/nts-3_kaoss/collage-genericfx//build/obj/header.o
LOAD /workspace/nts-3_kaoss/collage-genericfx//build/obj/_unit_base.o
LOAD /workspace/nts-3_kaoss/collage-genericfx//build/obj/unit.o
LOAD /workspace/nts-3_kaoss/collage-genericfx//build/obj/params.o
                0x0000000000000000                __heap_size = 0x0
                0x0000000000000000                __stack_size = 0x0
                0x00000000000000d4                . = SIZEOF_HEADERS

.hash           0x00000000000000d4      0x164
 *(.hash)
 .hash          0x00000000000000d4      0x164 /workspace/nts-3_kaoss/collage-genericfx//build/obj/header.o

.dynsym         0x0000000000000238      0x320
 *(.dynsym)
 .dynsym        0x0000000000000238      0x320 /workspace/nts-3_kaoss/collage-genericfx//build/obj/header.o

.dynstr         0x0000000000000558      0x2b7
 *(.dynstr)
 .dynstr        0x0000000000000558      0x2b7 /workspace/nts-3_kaoss/collage-genericfx//build/obj/header.o

.rel.dyn        0x0000000000000810       0x98
 *(.rel.dyn)
 .rel.got       0x0000000000000810       0x28 /workspace/nts-3_kaoss/collage-genericfx//build/obj/header.o
 .rel.iplt      0x0000000000000838        0x0 /workspace/nts-3_kaoss/collage-genericfx//build/obj/header.o
 .rel.init_array
                0x0000000000000838        0x8 /workspace/nts-3_kaoss/collage-genericfx//build/obj/header.o
 .rel.data.rel.local._ZZNK6Effect20getParameterStrValueEhlE5names
                0x0000000000000840       0x28 /workspace/nts-3_kaoss/collage-genericfx//build/obj/header.o
 .rel.text      0x0000000000000868       0x40 /workspace/nts-3_kaoss/collage-genericfx//build/obj/header.o

.rel.plt        0x00000000000008a8       0x80
 *(.rel.plt)
 .rel.plt       0x00000000000008a8       0x80 /workspace/nts-3_kaoss/collage-genericfx//build/obj/header.o

.text           0x0000000000000928     0x1800
 *(.text)
 .text          0x0000000000000928        0x0 /workspace/nts-3_kaoss/collage-genericfx//build/obj/header.o
 .text          0x0000000000000928       0x20 /workspace/nts-3_kaoss/collage-genericfx//build/obj/_unit_base.o
 .text          0x0000000000000948      0x18c /workspace/nts-3_kaoss/collage-genericfx//build/obj/unit.o
                0x0000000000000948                unit_init
                0x000000000000095c                unit_teardown
                0x000000000000095e                unit_reset
                0x0000000000000960                unit_resume
                0x0000000000000962                unit_suspend
                0x0000000000000964                unit_render
                0x00000000000009a4                unit_set_param_value
                0x0000000000000a88                unit_get_param_value
                0x0000000000000aac                unit_get_param_str_value
                0x0000000000000acc                unit_set_tempo
                0x0000000000000ace                unit_tempo_4ppqn_tick
                0x0000000000000ad0                unit_touch_event
 .text          0x0000000000000ad4       0xb0 /workspace/nts-3_kaoss/collage-genericfx//build/obj/params.o
                0x0000000000000ad4                initSinLut()
                0x0000000000000b24                initHannLut()
 .text          0x0000000000000b84       0xa0 /usr/lib/gcc/arm-none-eabi/9.2.1/../../../arm-none-eabi/lib/thumb/v7e-m+fp/hard/libc_nano.a(lib_a-memset.o)
                0x0000000000000b84                memset
 .text          0x0000000000000c24       0x90 /usr/lib/gcc/arm-none-eabi/9.2.1/../../../arm-none-eabi/lib/thumb/v7e-m+fp/hard/libm.a(lib_a-sf_cos.o)
                0x0000000000000c24                cosf
 .text          0x0000000000000cb4       0x94 /usr/lib/gcc/arm-none-eabi/9.2.1/../../../arm-none-eabi/lib/thumb/v7e-m+fp/hard/libm.a(lib_a-sf_sin.o)
                0x0000000000000cb4                sinf
 .text          0x0000000000000d48      0x298 /usr/lib/gcc/arm-none-eabi/9.2.1/../../../arm-none-eabi/lib/thumb/v7e-m+fp/hard/libm.a(lib_a-ef_rem_pio2.o)
                0x0000000000000d48                __ieee754_rem_pio2f
 .text          0x0000000000000fe0      0x104 /usr/lib/gcc/arm-none-eabi/9.2.1/../../../arm-none-eabi/lib/thumb/v7e-m+fp/hard/libm.a(lib_a-kf_cos.o)
                0x0000000000000fe0                __kernel_cosf
 .text          0x00000000000010e4      0x664 /usr/lib/gcc/arm-none-eabi/9.2.1/../../../arm-none-eabi/lib/thumb/v7e-m+fp/hard/libm.a(lib_a-kf_rem_pio2.o)
                0x00000000000010e4                __kernel_rem_pio2f
 .text          0x0000000000001748       0x90 /usr/lib/gcc/arm-none-eabi/9.2.1/../../../arm-none-eabi/lib/thumb/v7e-m+fp/hard/libm.a(lib_a-kf_sin.o)
                0x0000000000001748                __kernel_sinf
 .text          0x00000000000017d8       0x10 /usr/lib/gcc/arm-none-eabi/9.2.1/../../../arm-none-eabi/lib/thumb/v7e-m+fp/hard/libm.a(lib_a-sf_fabs.o)
                0x00000000000017d8                fabsf
 .text          0x00000000000017e8       0x88 /usr/lib/gcc/arm-none-eabi/9.2.1/../../../arm-none-eabi/lib/thumb/v7e-m+fp/hard/libm.a(lib_a-sf_floor.o)
                0x00000000000017e8                floorf
 .text          0x0000000000001870       0xe4 /usr/lib/gcc/arm-none-eabi/9.2.1/../../../arm-none-eabi/lib/thumb/v7e-m+fp/hard/libm.a(lib_a-sf_scalbn.o)
                0x0000000000001870                scalbnf
 *(.text.*)
 .text._ZNK9DelayLine11readHermiteEf
                0x0000000000001954       0xdc /workspace/nts-3_kaoss/collage-genericfx//build/obj/unit.o
                0x0000000000001954                DelayLine::readHermite(float) const
 .text._ZN9MicroLoop9setPresetEi
                0x0000000000001a30       0x68 /workspace/nts-3_kaoss/collage-genericfx//build/obj/unit.o
                0x0000000000001a30                MicroLoop::setPreset(int)
 .text._ZN9MicroLoop7processEPKfPfm
                0x0000000000001a98      0x140 /workspace/nts-3_kaoss/collage-genericfx//build/obj/unit.o
                0x0000000000001a98                MicroLoop::process(float const*, float*, unsigned long)
 .text._ZN6Effect4InitEPK17unit_runtime_desc
                0x0000000000001bd8      0x100 /workspace/nts-3_kaoss/collage-genericfx//build/obj/unit.o
                0x0000000000001bd8                Effect::Init(unit_runtime_desc const*)
 .text.startup  0x0000000000001cd8       0x34 /workspace/nts-3_kaoss/collage-genericfx//build/obj/unit.o
 *(.init)
 *(.fini)
 *crtbegin.o(.ctors)
 *crtbegin?.o(.ctors)
 *(EXCLUDE_FILE(*crtend.o *crtend?.o) .ctors)
 *(SORT_BY_NAME(.ctors.*))
 *(.ctors)
 *(.rodata)
 .rodata        0x0000000000001d0c      0x398 /usr/lib/gcc/arm-none-eabi/9.2.1/../../../arm-none-eabi/lib/thumb/v7e-m+fp/hard/libm.a(lib_a-ef_rem_pio2.o)
 .rodata        0x00000000000020a4       0x38 /usr/lib/gcc/arm-none-eabi/9.2.1/../../../arm-none-eabi/lib/thumb/v7e-m+fp/hard/libm.a(lib_a-kf_rem_pio2.o)
 *(.rodata.*)
 .rodata.str1.1
                0x00000000000020dc        0xc /workspace/nts-3_kaoss/collage-genericfx//build/obj/unit.o
 .rodata._ZZN9MicroLoop9setPresetEiE7kSpeeds
                0x00000000000020e8       0x40 /workspace/nts-3_kaoss/collage-genericfx//build/obj/unit.o
                0x00000000000020e8                MicroLoop::setPreset(int)::kSpeeds

.glue_7         0x0000000000002128        0x0
 .glue_7        0x0000000000002128        0x0 linker stubs

.glue_7t        0x0000000000002128        0x0
 .glue_7t       0x0000000000002128        0x0 linker stubs

.vfp11_veneer   0x0000000000002128        0x0
 .vfp11_veneer  0x0000000000002128        0x0 linker stubs

.v4_bx          0x0000000000002128        0x0
 .v4_bx         0x0000000000002128        0x0 linker stubs

.plt            0x0000000000002128      0x110
 .plt           0x0000000000002128      0x110 /workspace/nts-3_kaoss/collage-genericfx//build/obj/header.o

.iplt           0x0000000000002238        0x0
 .iplt          0x0000000000002238        0x0 /workspace/nts-3_kaoss/collage-genericfx//build/obj/header.o

.unit_header    0x0000000000002238      0x2f0
                0x0000000000002238                . = ALIGN (0x8)
 *(.unit_header)
 .unit_header   0x0000000000002238      0x178 /workspace/nts-3_kaoss/collage-genericfx//build/obj/header.o
                0x0000000000002238                unit_header
 .unit_header   0x00000000000023b0      0x178 /workspace/nts-3_kaoss/collage-genericfx//build/obj/_unit_base.o

.gnu.version_d  0x0000000000002528        0x0
 .gnu.version_d
                0x0000000000002528        0x0 /workspace/nts-3_kaoss/collage-genericfx//build/obj/header.o

.gnu.version    0x0000000000002528        0x0
 .gnu.version   0x0000000000002528        0x0 /workspace/nts-3_kaoss/collage-genericfx//build/obj/header.o

.gnu.version_r  0x0000000000002528        0x0
 .gnu.version_r
                0x0000000000002528        0x0 /workspace/nts-3_kaoss/collage-genericfx//build/obj/header.o

.preinit_array  0x0000000000002528        0x0
                0x0000000000002528                . = ALIGN (0x4)
                [!provide]                        PROVIDE (__preinit_array_start = .)
 *(.preinit_array)
                [!provide]                        PROVIDE (__preinit_array_end = .)

.init_array     0x0000000000002528        0x4
                0x0000000000002528                . = ALIGN (0x4)
                [!provide]                        PROVIDE (__init_array_start = .)
 *(SORT_BY_INIT_PRIORITY(.init_array.*))
 *(.init_array)
 .init_array    0x0000000000002528        0x4 /workspace/nts-3_kaoss/collage-genericfx//build/obj/unit.o
                [!provide]                        PROVIDE (__init_array_end = .)

.dynamic        0x0000000000002530       0xa8
                0x0000000000002530                . = ALIGN (0x8)
 *(.dynamic)
 .dynamic       0x0000000000002530       0xa8 /workspace/nts-3_kaoss/collage-genericfx//build/obj/header.o
                0x0000000000002530                _DYNAMIC

.got            0x00000000000025d8       0x60
 *(.got.plt)
 .got.plt       0x00000000000025d8       0x4c /workspace/nts-3_kaoss/collage-genericfx//build/obj/header.o
                0x00000000000025d8                _GLOBAL_OFFSET_TABLE_
 *(.igot.plt)
 .igot.plt      0x0000000000002624        0x0 /workspace/nts-3_kaoss/collage-genericfx//build/obj/header.o
 *(.got)
 .got           0x0000000000002624       0x14 /workspace/nts-3_kaoss/collage-genericfx//build/obj/header.o
 *(.igot)

.data           0x0000000000002638       0x14
                0x0000000000002638                . = ALIGN (0x4)
                0x0000000000002638                __data_start__ = .
 *(vtable)
 *(.data)
 .data          0x0000000000002638        0x0 /workspace/nts-3_kaoss/collage-genericfx//build/obj/header.o
 .data          0x0000000000002638        0x0 /workspace/nts-3_kaoss/collage-genericfx//build/obj/_unit_base.o
 .data          0x0000000000002638        0x0 /workspace/nts-3_kaoss/collage-genericfx//build/obj/unit.o
 .data          0x0000000000002638        0x0 /workspace/nts-3_kaoss/collage-genericfx//build/obj/params.o
 .data          0x0000000000002638        0x0 /usr/lib/gcc/arm-none-eabi/9.2.1/../../../arm-none-eabi/lib/thumb/v7e-m+fp/hard/libc_nano.a(lib_a-memset.o)
 .data          0x0000000000002638        0x0 /usr/lib/gcc/arm-none-eabi/9.2.1/../../../arm-none-eabi/lib/thumb/v7e-m+fp/hard/libm.a(lib_a-sf_cos.o)
 .data          0x0000000000002638        0x0 /usr/lib/gcc/arm-none-eabi/9.2.1/../../../arm-none-eabi/lib/thumb/v7e-m+fp/hard/libm.a(lib_a-sf_sin.o)
 .data          0x0000000000002638        0x0 /usr/lib/gcc/arm-none-eabi/9.2.1/../../../arm-none-eabi/lib/thumb/v7e-m+fp/hard/libm.a(lib_a-ef_rem_pio2.o)
 .data          0x0000000000002638        0x0 /usr/lib/gcc/arm-none-eabi/9.2.1/../../../arm-none-eabi/lib/thumb/v7e-m+fp/hard/libm.a(lib_a-kf_cos.o)
 .data          0x0000000000002638        0x0 /usr/lib/gcc/arm-none-eabi/9.2.1/../../../arm-none-eabi/lib/thumb/v7e-m+fp/hard/libm.a(lib_a-kf_rem_pio2.o)
 .data          0x0000000000002638        0x0 /usr/lib/gcc/arm-none-eabi/9.2.1/../../../arm-none-eabi/lib/thumb/v7e-m+fp/hard/libm.a(lib_a-kf_sin.o)
 .data          0x0000000000002638        0x0 /usr/lib/gcc/arm-none-eabi/9.2.1/../../../arm-none-eabi/lib/thumb/v7e-m+fp/hard/libm.a(lib_a-sf_fabs.o)
 .data          0x0000000000002638        0x0 /usr/lib/gcc/arm-none-eabi/9.2.1/../../../arm-none-eabi/lib/thumb/v7e-m+fp/hard/libm.a(lib_a-sf_floor.o)
 .data          0x0000000000002638        0x0 /usr/lib/gcc/arm-none-eabi/9.2.1/../../../arm-none-eabi/lib/thumb/v7e-m+fp/hard/libm.a(lib_a-sf_scalbn.o)
 *(.data.*)
 .data.rel.ro   0x0000000000002638        0x0 /workspace/nts-3_kaoss/collage-genericfx//build/obj/header.o
 .data.rel.local._ZZNK6Effect20getParameterStrValueEhlE5names
                0x0000000000002638       0x14 /workspace/nts-3_kaoss/collage-genericfx//build/obj/unit.o
                0x0000000000002638                Effect::getParameterStrValue(unsigned char, long) const::names
                0x000000000000264c                . = ALIGN (0x4)
                0x000000000000264c                __data_end__ = .

.bss            0x000000000000264c     0x2070
                0x000000000000264c                . = ALIGN (0x4)
                0x000000000000264c                __bss_start__ = .
 *(.bss)
 .bss           0x000000000000264c        0x0 /workspace/nts-3_kaoss/collage-genericfx//build/obj/header.o
 .bss           0x000000000000264c        0x0 /workspace/nts-3_kaoss/collage-genericfx//build/obj/_unit_base.o
 .bss           0x000000000000264c       0x70 /workspace/nts-3_kaoss/collage-genericfx//build/obj/unit.o
 .bss           0x00000000000026bc     0x2000 /workspace/nts-3_kaoss/collage-genericfx//build/obj/params.o
                0x00000000000026bc                g_hannLut
                0x00000000000036bc                g_sinLut
 .bss           0x00000000000046bc        0x0 /usr/lib/gcc/arm-none-eabi/9.2.1/../../../arm-none-eabi/lib/thumb/v7e-m+fp/hard/libc_nano.a(lib_a-memset.o)
 .bss           0x00000000000046bc        0x0 /usr/lib/gcc/arm-none-eabi/9.2.1/../../../arm-none-eabi/lib/thumb/v7e-m+fp/hard/libm.a(lib_a-sf_cos.o)
 .bss           0x00000000000046bc        0x0 /usr/lib/gcc/arm-none-eabi/9.2.1/../../../arm-none-eabi/lib/thumb/v7e-m+fp/hard/libm.a(lib_a-sf_sin.o)
 .bss           0x00000000000046bc        0x0 /usr/lib/gcc/arm-none-eabi/9.2.1/../../../arm-none-eabi/lib/thumb/v7e-m+fp/hard/libm.a(lib_a-ef_rem_pio2.o)
 .bss           0x00000000000046bc        0x0 /usr/lib/gcc/arm-none-eabi/9.2.1/../../../arm-none-eabi/lib/thumb/v7e-m+fp/hard/libm.a(lib_a-kf_cos.o)
 .bss           0x00000000000046bc        0x0 /usr/lib/gcc/arm-none-eabi/9.2.1/../../../arm-none-eabi/lib/thumb/v7e-m+fp/hard/libm.a(lib_a-kf_rem_pio2.o)
 .bss           0x00000000000046bc        0x0 /usr/lib/gcc/arm-none-eabi/9.2.1/../../../arm-none-eabi/lib/thumb/v7e-m+fp/hard/libm.a(lib_a-kf_sin.o)
 .bss           0x00000000000046bc        0x0 /usr/lib/gcc/arm-none-eabi/9.2.1/../../../arm-none-eabi/lib/thumb/v7e-m+fp/hard/libm.a(lib_a-sf_fabs.o)
 .bss           0x00000000000046bc        0x0 /usr/lib/gcc/arm-none-eabi/9.2.1/../../../arm-none-eabi/lib/thumb/v7e-m+fp/hard/libm.a(lib_a-sf_floor.o)
 .bss           0x00000000000046bc        0x0 /usr/lib/gcc/arm-none-eabi/9.2.1/../../../arm-none-eabi/lib/thumb/v7e-m+fp/hard/libm.a(lib_a-sf_scalbn.o)
 *(.bss.*)
 *(COMMON)
                0x00000000000046bc                . = ALIGN (0x4)
                0x00000000000046bc                __bss_end__ = .

.dynbss         0x00000000000046bc        0x0
 .dynbss        0x00000000000046bc        0x0 /workspace/nts-3_kaoss/collage-genericfx//build/obj/header.o

.stack          0x00000000000046c0        0x4
                0x00000000000046c0                . = ALIGN (0x10)
                0x00000000000046c0                __HEAP = .
                0x00000000000046c0                _end = .
                0x00000000000046c0                end = .
                0x00000000000046c0                . = (. + __heap_size)
                0x00000000000046c0                __HEAP_END = .
                0x00000000000046c0                _stack_end = .
                0x00000000000046c0                . = (. + __stack_size)
                0x00000000000046c0                _stack_addr = .
                0x00000000000046c0                __stack = .
                0x00000000000046c0                __SP_INIT = .
                0x00000000000046c4                . = (. + 0x4)
 *fill*         0x00000000000046c0        0x4 

/DISCARD/
 *(.fini_array.* .fini_array .dtors.* .dtors)
 *(.note.GNU-stack)
 *(.gnu_debuglink)
 *(.gnu.lto_*)
LOAD /usr/lib/gcc/arm-none-eabi/9.2.1/../../../arm-none-eabi/lib/thumb/v7e-m+fp/hard/libc_nano.a
LOAD /usr/lib/gcc/arm-none-eabi/9.2.1/../../../arm-none-eabi/lib/thumb/v7e-m+fp/hard/libm.a
START GROUP
LOAD /usr/lib/gcc/arm-none-eabi/9.2.1/thumb/v7e-m+fp/hard/libgcc.a
END GROUP
START GROUP
LOAD /usr/lib/gcc/arm-none-eabi/9.2.1/thumb/v7e-m+fp/hard/libgcc.a
LOAD /usr/lib/gcc/arm-none-eabi/9.2.1/../../../arm-none-eabi/lib/thumb/v7e-m+fp/hard/libc_nano.a
LOAD /usr/lib/gcc/arm-none-eabi/9.2.1/../../../arm-none-eabi/lib/thumb/v7e-m+fp/hard/libnosys.a
END GROUP
START GROUP
LOAD /usr/lib/gcc/arm-none-eabi/9.2.1/thumb/v7e-m+fp/hard/libgcc.a
LOAD /usr/lib/gcc/arm-none-eabi/9.2.1/../../../arm-none-eabi/lib/thumb/v7e-m+fp/hard/libc_nano.a
LOAD /usr/lib/gcc/arm-none-eabi/9.2.1/../../../arm-none-eabi/lib/thumb/v7e-m+fp/hard/libnosys.a
END GROUP
OUTPUT(/workspace/nts-3_kaoss/collage-genericfx//build/collage_genericfx.elf elf32-littlearm)
LOAD linker stubs

.debug_info     0x0000000000000000    0x1090e
 .debug_info    0x0000000000000000      0xf82 /workspace/nts-3_kaoss/collage-genericfx//build/obj/header.o
 .debug_info    0x0000000000000f82     0x1205 /workspace/nts-3_kaoss/collage-genericfx//build/obj/_unit_base.o
 .debug_info    0x0000000000002187     0x4576 /workspace/nts-3_kaoss/collage-genericfx//build/obj/unit.o
 .debug_info    0x00000000000066fd     0x2f71 /workspace/nts-3_kaoss/collage-genericfx//build/obj/params.o
 .debug_info    0x000000000000966e      0xf21 /usr/lib/gcc/arm-none-eabi/9.2.1/../../../arm-none-eabi/lib/thumb/v7e-m+fp/hard/libc_nano.a(lib_a-memset.o)
 .debug_info    0x000000000000a58f      0xaac /usr/lib/gcc/arm-none-eabi/9.2.1/../../../arm-none-eabi/lib/thumb/v7e-m+fp/hard/libm.a(lib_a-sf_cos.o)
 .debug_info    0x000000000000b03b      0xab7 /usr/lib/gcc/arm-none-eabi/9.2.1/../../../arm-none-eabi/lib/thumb/v7e-m+fp/hard/libm.a(lib_a-sf_sin.o)
 .debug_info    0x000000000000baf2      0xcbb /usr/lib/gcc/arm-none-eabi/9.2.1/../../../arm-none-eabi/lib/thumb/v7e-m+fp/hard/libm.a(lib_a-ef_rem_pio2.o)
 .debug_info    0x000000000000c7ad      0xaef /usr/lib/gcc/arm-none-eabi/9.2.1/../../../arm-none-eabi/lib/thumb/v7e-m+fp/hard/libm.a(lib_a-kf_cos.o)
 .debug_info    0x000000000000d29c      0xcb6 /usr/lib/gcc/arm-none-eabi/9.2.1/../../../arm-none-eabi/lib/thumb/v7e-m+fp/hard/libm.a(lib_a-kf_rem_pio2.o)
 .debug_info    0x000000000000df52      0xab4 /usr/lib/gcc/arm-none-eabi/9.2.1/../../../arm-none-eabi/lib/thumb/v7e-m+fp/hard/libm.a(lib_a-kf_sin.o)
 .debug_info    0x000000000000ea06      0xa00 /usr/lib/gcc/arm-none-eabi/9.2.1/../../../arm-none-eabi/lib/thumb/v7e-m+fp/hard/libm.a(lib_a-sf_fabs.o)
 .debug_info    0x000000000000f406      0xa4a /usr/lib/gcc/arm-none-eabi/9.2.1/../../../arm-none-eabi/lib/thumb/v7e-m+fp/hard/libm.a(lib_a-sf_floor.o)
 .debug_info    0x000000000000fe50      0xabe /usr/lib/gcc/arm-none-eabi/9.2.1/../../../arm-none-eabi/lib/thumb/v7e-m+fp/hard/libm.a(lib_a-sf_scalbn.o)

.debug_abbrev   0x0000000000000000     0x2990
 .debug_abbrev  0x0000000000000000      0x249 /workspace/nts-3_kaoss/collage-genericfx//build/obj/header.o
 .debug_abbrev  0x0000000000000249      0x370 /workspace/nts-3_kaoss/collage-genericfx//build/obj/_unit_base.o
 .debug_abbrev  0x00000000000005b9      0x7b4 /workspace/nts-3_kaoss/collage-genericfx//build/obj/unit.o
 .debug_abbrev  0x0000000000000d6d      0x430 /workspace/nts-3_kaoss/collage-genericfx//build/obj/params.o
 .debug_abbrev  0x000000000000119d      0x1d9 /usr/lib/gcc/arm-none-eabi/9.2.1/../../../arm-none-eabi/lib/thumb/v7e-m+fp/hard/libc_nano.a(lib_a-memset.o)
 .debug_abbrev  0x0000000000001376      0x285 /usr/lib/gcc/arm-none-eabi/9.2.1/../../../arm-none-eabi/lib/thumb/v7e-m+fp/hard/libm.a(lib_a-sf_cos.o)
 .debug_abbrev  0x00000000000015fb      0x290 /usr/lib/gcc/arm-none-eabi/9.2.1/../../../arm-none-eabi/lib/thumb/v7e-m+fp/hard/libm.a(lib_a-sf_sin.o)
 .debug_abbrev  0x000000000000188b      0x2bd /usr/lib/gcc/arm-none-eabi/9.2.1/../../../arm-none-eabi/lib/thumb/v7e-m+fp/hard/libm.a(lib_a-ef_rem_pio2.o)
 .debug_abbrev  0x0000000000001b48      0x246 /usr/lib/gcc/arm-none-eabi/9.2.1/../../../arm-none-eabi/lib/thumb/v7e-m+fp/hard/libm.a(lib_a-kf_cos.o)
 .debug_abbrev  0x0000000000001d8e      0x2c1 /usr/lib/gcc/arm-none-eabi/9.2.1/../../../arm-none-eabi/lib/thumb/v7e-m+fp/hard/libm.a(lib_a-kf_rem_pio2.o)
 .debug_abbrev  0x000000000000204f      0x25d /usr/lib/gcc/arm-none-eabi/9.2.1/../../../arm-none-eabi/lib/thumb/v7e-m+fp/hard/libm.a(lib_a-kf_sin.o)
 .debug_abbrev  0x00000000000022ac      0x235 /usr/lib/gcc/arm-none-eabi/9.2.1/../../../arm-none-eabi/lib/thumb/v7e-m+fp/hard/libm.a(lib_a-sf_fabs.o)
 .debug_abbrev  0x00000000000024e1      0x251 /usr/lib/gcc/arm-none-eabi/9.2.1/../../../arm-none-eabi/lib/thumb/v7e-m+fp/hard/libm.a(lib_a-sf_floor.o)
 .debug_abbrev  0x0000000000002732      0x25e /usr/lib/gcc/arm-none-eabi/9.2.1/../../../arm-none-eabi/lib/thumb/v7e-m+fp/hard/libm.a(lib_a-sf_scalbn.o)

.debug_aranges  0x0000000000000000      0x1e0
 .debug_aranges
                0x0000000000000000       0x18 /workspace/nts-3_kaoss/collage-genericfx//build/obj/header.o
 .debug_aranges
                0x0000000000000018       0x20 /workspace/nts-3_kaoss/collage-genericfx//build/obj/_unit_base.o
 .debug_aranges
                0x0000000000000038       0x48 /workspace/nts-3_kaoss/collage-genericfx//build/obj/unit.o
 .debug_aranges
                0x0000000000000080       0x20 /workspace/nts-3_kaoss/collage-genericfx//build/obj/params.o
 .debug_aranges
                0x00000000000000a0       0x20 /usr/lib/gcc/arm-none-eabi/9.2.1/../../../arm-none-eabi/lib/thumb/v7e-m+fp/hard/libc_nano.a(lib_a-memset.o)
 .debug_aranges
                0x00000000000000c0       0x20 /usr/lib/gcc/arm-none-eabi/9.2.1/../../../arm-none-eabi/lib/thumb/v7e-m+fp/hard/libm.a(lib_a-sf_cos.o)
 .debug_aranges
                0x00000000000000e0       0x20 /usr/lib/gcc/arm-none-eabi/9.2.1/../../../arm-none-eabi/lib/thumb/v7e-m+fp/hard/libm.a(lib_a-sf_sin.o)
 .debug_aranges
                0x0000000000000100       0x20 /usr/lib/gcc/arm-none-eabi/9.2.1/../../../arm-none-eabi/lib/thumb/v7e-m+fp/hard/libm.a(lib_a-ef_rem_pio2.o)
 .debug_aranges
                0x0000000000000120       0x20 /usr/lib/gcc/arm-none-eabi/9.2.1/../../../arm-none-eabi/lib/thumb/v7e-m+fp/hard/libm.a(lib_a-kf_cos.o)
 .debug_aranges
                0x0000000000000140       0x20 /usr/lib/gcc/arm-none-eabi/9.2.1/../../../arm-none-eabi/lib/thumb/v7e-m+fp/hard/libm.a(lib_a-kf_rem_pio2.o)
 .debug_aranges
                0x0000000000000160       0x20 /usr/lib/gcc/arm-none-eabi/9.2.1/../../../arm-none-eabi/lib/thumb/v7e-m+fp/hard/libm.a(lib_a-kf_sin.o)
 .debug_aranges
                0x0000000000000180       0x20 /usr/lib/gcc/arm-none-eabi/9.2.1/../../../arm-none-eabi/lib/thumb/v7e-m+fp/hard/libm.a(lib_a-sf_fabs.o)
 .debug_aranges
                0x00000000000001a0       0x20 /usr/lib/gcc/arm-none-eabi/9.2.1/../../../arm-none-eabi/lib/thumb/v7e-m+fp/hard/libm.a(lib_a-sf_floor.o)
 .debug_aranges
                0x00000000000001c0       0x20 /usr/lib/gcc/arm-none-eabi/9.2.1/../../../arm-none-eabi/lib/thumb/v7e-m+fp/hard/libm.a(lib_a-sf_scalbn.o)

.debug_line     0x0000000000000000     0x3278
 .debug_line    0x0000000000000000       0xfb /workspace/nts-3_kaoss/collage-genericfx//build/obj/header.o
 .debug_line    0x00000000000000fb      0x1a3 /workspace/nts-3_kaoss/collage-genericfx//build/obj/_unit_base.o
 .debug_line    0x000000000000029e      0xacd /workspace/nts-3_kaoss/collage-genericfx//build/obj/unit.o
 .debug_line    0x0000000000000d6b      0x30a /workspace/nts-3_kaoss/collage-genericfx//build/obj/params.o
 .debug_line    0x0000000000001075      0x26b /usr/lib/gcc/arm-none-eabi/9.2.1/../../../arm-none-eabi/lib/thumb/v7e-m+fp/hard/libc_nano.a(lib_a-memset.o)
 .debug_line    0x00000000000012e0      0x262 /usr/lib/gcc/arm-none-eabi/9.2.1/../../../arm-none-eabi/lib/thumb/v7e-m+fp/hard/libm.a(lib_a-sf_cos.o)
 .debug_line    0x0000000000001542      0x262 /usr/lib/gcc/arm-none-eabi/9.2.1/../../../arm-none-eabi/lib/thumb/v7e-m+fp/hard/libm.a(lib_a-sf_sin.o)
 .debug_line    0x00000000000017a4      0x53b /usr/lib/gcc/arm-none-eabi/9.2.1/../../../arm-none-eabi/lib/thumb/v7e-m+fp/hard/libm.a(lib_a-ef_rem_pio2.o)
 .debug_line    0x0000000000001cdf      0x2a9 /usr/lib/gcc/arm-none-eabi/9.2.1/../../../arm-none-eabi/lib/thumb/v7e-m+fp/hard/libm.a(lib_a-kf_cos.o)
 .debug_line    0x0000000000001f88      0x95f /usr/lib/gcc/arm-none-eabi/9.2.1/../../../arm-none-eabi/lib/thumb/v7e-m+fp/hard/libm.a(lib_a-kf_rem_pio2.o)
 .debug_line    0x00000000000028e7      0x24d /usr/lib/gcc/arm-none-eabi/9.2.1/../../../arm-none-eabi/lib/thumb/v7e-m+fp/hard/libm.a(lib_a-kf_sin.o)
 .debug_line    0x0000000000002b34      0x1e1 /usr/lib/gcc/arm-none-eabi/9.2.1/../../../arm-none-eabi/lib/thumb/v7e-m+fp/hard/libm.a(lib_a-sf_fabs.o)
 .debug_line    0x0000000000002d15      0x2aa /usr/lib/gcc/arm-none-eabi/9.2.1/../../../arm-none-eabi/lib/thumb/v7e-m+fp/hard/libm.a(lib_a-sf_floor.o)
 .debug_line    0x0000000000002fbf      0x2b9 /usr/lib/gcc/arm-none-eabi/9.2.1/../../../arm-none-eabi/lib/thumb/v7e-m+fp/hard/libm.a(lib_a-sf_scalbn.o)

.debug_str      0x0000000000000000     0x2aa0
 .debug_str     0x0000000000000000      0xca9 /workspace/nts-3_kaoss/collage-genericfx//build/obj/header.o
                                        0xdcf (size before relaxing)
 .debug_str     0x0000000000000ca9      0x2a9 /workspace/nts-3_kaoss/collage-genericfx//build/obj/_unit_base.o
                                        0xd40 (size before relaxing)
 .debug_str     0x0000000000000f52     0x122f /workspace/nts-3_kaoss/collage-genericfx//build/obj/unit.o
                                       0x1d5c (size before relaxing)
 .debug_str     0x0000000000002181        0xe /workspace/nts-3_kaoss/collage-genericfx//build/obj/params.o
                                       0x1491 (size before relaxing)
 .debug_str     0x000000000000218f      0x41a /usr/lib/gcc/arm-none-eabi/9.2.1/../../../arm-none-eabi/lib/thumb/v7e-m+fp/hard/libc_nano.a(lib_a-memset.o)
                                        0x90f (size before relaxing)
 .debug_str     0x00000000000025a9      0x130 /usr/lib/gcc/arm-none-eabi/9.2.1/../../../arm-none-eabi/lib/thumb/v7e-m+fp/hard/libm.a(lib_a-sf_cos.o)
                                        0x64d (size before relaxing)
 .debug_str     0x00000000000026d9       0x32 /usr/lib/gcc/arm-none-eabi/9.2.1/../../../arm-none-eabi/lib/thumb/v7e-m+fp/hard/libm.a(lib_a-sf_sin.o)
                                        0x64d (size before relaxing)
 .debug_str     0x000000000000270b       0xad /usr/lib/gcc/arm-none-eabi/9.2.1/../../../arm-none-eabi/lib/thumb/v7e-m+fp/hard/libm.a(lib_a-ef_rem_pio2.o)
                                        0x6ad (size before relaxing)
 .debug_str     0x00000000000027b8       0x32 /usr/lib/gcc/arm-none-eabi/9.2.1/../../../arm-none-eabi/lib/thumb/v7e-m+fp/hard/libm.a(lib_a-kf_cos.o)
                                        0x62b (size before relaxing)
 .debug_str     0x00000000000027ea       0x68 /usr/lib/gcc/arm-none-eabi/9.2.1/../../../arm-none-eabi/lib/thumb/v7e-m+fp/hard/libm.a(lib_a-kf_rem_pio2.o)
                                        0x646 (size before relaxing)
 .debug_str     0x0000000000002852       0x32 /usr/lib/gcc/arm-none-eabi/9.2.1/../../../arm-none-eabi/lib/thumb/v7e-m+fp/hard/libm.a(lib_a-kf_sin.o)
                                        0x62b (size before relaxing)
 .debug_str     0x0000000000002884       0x33 /usr/lib/gcc/arm-none-eabi/9.2.1/../../../arm-none-eabi/lib/thumb/v7e-m+fp/hard/libm.a(lib_a-sf_fabs.o)
                                        0x61a (size before relaxing)
 .debug_str     0x00000000000028b7       0xa5 /usr/lib/gcc/arm-none-eabi/9.2.1/../../../arm-none-eabi/lib/thumb/v7e-m+fp/hard/libm.a(lib_a-sf_floor.o)
                                        0x63c (size before relaxing)
 .debug_str     0x000000000000295c      0x144 /usr/lib/gcc/arm-none-eabi/9.2.1/../../../arm-none-eabi/lib/thumb/v7e-m+fp/hard/libm.a(lib_a-sf_scalbn.o)
                                        0x650 (size before relaxing)

.comment        0x0000000000000000       0xa7
 .comment       0x0000000000000000       0x59 /workspace/nts-3_kaoss/collage-genericfx//build/obj/header.o
                                         0x5a (size before relaxing)
 .comment       0x0000000000000059       0x5a /workspace/nts-3_kaoss/collage-genericfx//build/obj/_unit_base.o
 .comment       0x0000000000000059       0x5a /workspace/nts-3_kaoss/collage-genericfx//build/obj/unit.o
 .comment       0x0000000000000059       0x5a /workspace/nts-3_kaoss/collage-genericfx//build/obj/params.o
 .comment       0x0000000000000059       0x4e /usr/lib/gcc/arm-none-eabi/9.2.1/../../../arm-none-eabi/lib/thumb/v7e-m+fp/hard/libc_nano.a(lib_a-memset.o)
                                         0x4f (size before relaxing)
 .comment       0x00000000000000a7       0x4f /usr/lib/gcc/arm-none-eabi/9.2.1/../../../arm-none-eabi/lib/thumb/v7e-m+fp/hard/libm.a(lib_a-sf_cos.o)
 .comment       0x00000000000000a7       0x4f /usr/lib/gcc/arm-none-eabi/9.2.1/../../../arm-none-eabi/lib/thumb/v7e-m+fp/hard/libm.a(lib_a-sf_sin.o)
 .comment       0x00000000000000a7       0x4f /usr/lib/gcc/arm-none-eabi/9.2.1/../../../arm-none-eabi/lib/thumb/v7e-m+fp/hard/libm.a(lib_a-ef_rem_pio2.o)
 .comment       0x00000000000000a7       0x4f /usr/lib/gcc/arm-none-eabi/9.2.1/../../../arm-none-eabi/lib/thumb/v7e-m+fp/hard/libm.a(lib_a-kf_cos.o)
 .comment       0x00000000000000a7       0x4f /usr/lib/gcc/arm-none-eabi/9.2.1/../../../arm-none-eabi/lib/thumb/v7e-m+fp/hard/libm.a(lib_a-kf_rem_pio2.o)
 .comment       0x00000000000000a7       0x4f /usr/lib/gcc/arm-none-eabi/9.2.1/../../../arm-none-eabi/lib/thumb/v7e-m+fp/hard/libm.a(lib_a-kf_sin.o)
 .comment       0x00000000000000a7       0x4f /usr/lib/gcc/arm-none-eabi/9.2.1/../../../arm-none-eabi/lib/thumb/v7e-m+fp/hard/libm.a(lib_a-sf_fabs.o)
 .comment       0x00000000000000a7       0x4f /usr/lib/gcc/arm-none-eabi/9.2.1/../../../arm-none-eabi/lib/thumb/v7e-m+fp/hard/libm.a(lib_a-sf_floor.o)
 .comment       0x00000000000000a7       0x4f /usr/lib/gcc/arm-none-eabi/9.2.1/../../../arm-none-eabi/lib/thumb/v7e-m+fp/hard/libm.a(lib_a-sf_scalbn.o)

.ARM.attributes
                0x0000000000000000       0x39
 .ARM.attributes
                0x0000000000000000       0x39 /workspace/nts-3_kaoss/collage-genericfx//build/obj/header.o
 .ARM.attributes
                0x0000000000000039       0x34 /workspace/nts-3_kaoss/collage-genericfx//build/obj/_unit_base.o
 .ARM.attributes
                0x000000000000006d       0x34 /workspace/nts-3_kaoss/collage-genericfx//build/obj/unit.o
 .ARM.attributes
                0x00000000000000a1       0x34 /workspace/nts-3_kaoss/collage-genericfx//build/obj/params.o
 .ARM.attributes
                0x00000000000000d5       0x34 /usr/lib/gcc/arm-none-eabi/9.2.1/../../../arm-none-eabi/lib/thumb/v7e-m+fp/hard/libc_nano.a(lib_a-memset.o)
 .ARM.attributes
                0x0000000000000109       0x34 /usr/lib/gcc/arm-none-eabi/9.2.1/../../../arm-none-eabi/lib/thumb/v7e-m+fp/hard/libm.a(lib_a-sf_cos.o)
 .ARM.attributes
                0x000000000000013d       0x34 /usr/lib/gcc/arm-none-eabi/9.2.1/../../../arm-none-eabi/lib/thumb/v7e-m+fp/hard/libm.a(lib_a-sf_sin.o)
 .ARM.attributes
                0x0000000000000171       0x34 /usr/lib/gcc/arm-none-eabi/9.2.1/../../../arm-none-eabi/lib/thumb/v7e-m+fp/hard/libm.a(lib_a-ef_rem_pio2.o)
 .ARM.attributes
                0x00000000000001a5       0x34 /usr/lib/gcc/arm-none-eabi/9.2.1/../../../arm-none-eabi/lib/thumb/v7e-m+fp/hard/libm.a(lib_a-kf_cos.o)
 .ARM.attributes
                0x00000000000001d9       0x34 /usr/lib/gcc/arm-none-eabi/9.2.1/../../../arm-none-eabi/lib/thumb/v7e-m+fp/hard/libm.a(lib_a-kf_rem_pio2.o)
 .ARM.attributes
                0x000000000000020d       0x34 /usr/lib/gcc/arm-none-eabi/9.2.1/../../../arm-none-eabi/lib/thumb/v7e-m+fp/hard/libm.a(lib_a-kf_sin.o)
 .ARM.attributes
                0x0000000000000241       0x34 /usr/lib/gcc/arm-none-eabi/9.2.1/../../../arm-none-eabi/lib/thumb/v7e-m+fp/hard/libm.a(lib_a-sf_fabs.o)
 .ARM.attributes
                0x0000000000000275       0x34 /usr/lib/gcc/arm-none-eabi/9.2.1/../../../arm-none-eabi/lib/thumb/v7e-m+fp/hard/libm.a(lib_a-sf_floor.o)
 .ARM.attributes
                0x00000000000002a9       0x34 /usr/lib/gcc/arm-none-eabi/9.2.1/../../../arm-none-eabi/lib/thumb/v7e-m+fp/hard/libm.a(lib_a-sf_scalbn.o)

.debug_loc      0x0000000000000000     0x3130
 .debug_loc     0x0000000000000000       0x6f /workspace/nts-3_kaoss/collage-genericfx//build/obj/_unit_base.o
 .debug_loc     0x000000000000006f     0x1091 /workspace/nts-3_kaoss/collage-genericfx//build/obj/unit.o
 .debug_loc     0x0000000000001100       0xf4 /workspace/nts-3_kaoss/collage-genericfx//build/obj/params.o
 .debug_loc     0x00000000000011f4      0x231 /usr/lib/gcc/arm-none-eabi/9.2.1/../../../arm-none-eabi/lib/thumb/v7e-m+fp/hard/libc_nano.a(lib_a-memset.o)
 .debug_loc     0x0000000000001425       0xd2 /usr/lib/gcc/arm-none-eabi/9.2.1/../../../arm-none-eabi/lib/thumb/v7e-m+fp/hard/libm.a(lib_a-sf_cos.o)
 .debug_loc     0x00000000000014f7       0xd2 /usr/lib/gcc/arm-none-eabi/9.2.1/../../../arm-none-eabi/lib/thumb/v7e-m+fp/hard/libm.a(lib_a-sf_sin.o)
 .debug_loc     0x00000000000015c9      0x655 /usr/lib/gcc/arm-none-eabi/9.2.1/../../../arm-none-eabi/lib/thumb/v7e-m+fp/hard/libm.a(lib_a-ef_rem_pio2.o)
 .debug_loc     0x0000000000001c1e      0x233 /usr/lib/gcc/arm-none-eabi/9.2.1/../../../arm-none-eabi/lib/thumb/v7e-m+fp/hard/libm.a(lib_a-kf_cos.o)
 .debug_loc     0x0000000000001e51      0xb2e /usr/lib/gcc/arm-none-eabi/9.2.1/../../../arm-none-eabi/lib/thumb/v7e-m+fp/hard/libm.a(lib_a-kf_rem_pio2.o)
 .debug_loc     0x000000000000297f      0x12f /usr/lib/gcc/arm-none-eabi/9.2.1/../../../arm-none-eabi/lib/thumb/v7e-m+fp/hard/libm.a(lib_a-kf_sin.o)
 .debug_loc     0x0000000000002aae       0x7c /usr/lib/gcc/arm-none-eabi/9.2.1/../../../arm-none-eabi/lib/thumb/v7e-m+fp/hard/libm.a(lib_a-sf_fabs.o)
 .debug_loc     0x0000000000002b2a      0x256 /usr/lib/gcc/arm-none-eabi/9.2.1/../../../arm-none-eabi/lib/thumb/v7e-m+fp/hard/libm.a(lib_a-sf_floor.o)
 .debug_loc     0x0000000000002d80      0x3b0 /usr/lib/gcc/arm-none-eabi/9.2.1/../../../arm-none-eabi/lib/thumb/v7e-m+fp/hard/libm.a(lib_a-sf_scalbn.o)

.debug_frame    0x0000000000000000      0x4e4
 .debug_frame   0x0000000000000000       0xd0 /workspace/nts-3_kaoss/collage-genericfx//build/obj/_unit_base.o
 .debug_frame   0x00000000000000d0      0x1a4 /workspace/nts-3_kaoss/collage-genericfx//build/obj/unit.o
 .debug_frame   0x0000000000000274       0x74 /workspace/nts-3_kaoss/collage-genericfx//build/obj/params.o
 .debug_frame   0x00000000000002e8       0x38 /usr/lib/gcc/arm-none-eabi/9.2.1/../../../arm-none-eabi/lib/thumb/v7e-m+fp/hard/libc_nano.a(lib_a-memset.o)
 .debug_frame   0x0000000000000320       0x34 /usr/lib/gcc/arm-none-eabi/9.2.1/../../../arm-none-eabi/lib/thumb/v7e-m+fp/hard/libm.a(lib_a-sf_cos.o)
 .debug_frame   0x0000000000000354       0x34 /usr/lib/gcc/arm-none-eabi/9.2.1/../../../arm-none-eabi/lib/thumb/v7e-m+fp/hard/libm.a(lib_a-sf_sin.o)
 .debug_frame   0x0000000000000388       0x44 /usr/lib/gcc/arm-none-eabi/9.2.1/../../../arm-none-eabi/lib/thumb/v7e-m+fp/hard/libm.a(lib_a-ef_rem_pio2.o)
 .debug_frame   0x00000000000003cc       0x20 /usr/lib/gcc/arm-none-eabi/9.2.1/../../../arm-none-eabi/lib/thumb/v7e-m+fp/hard/libm.a(lib_a-kf_cos.o)
 .debug_frame   0x00000000000003ec       0x5c /usr/lib/gcc/arm-none-eabi/9.2.1/../../../arm-none-eabi/lib/thumb/v7e-m+fp/hard/libm.a(lib_a-kf_rem_pio2.o)
 .debug_frame   0x0000000000000448       0x20 /usr/lib/gcc/arm-none-eabi/9.2.1/../../../arm-none-eabi/lib/thumb/v7e-m+fp/hard/libm.a(lib_a-kf_sin.o)
 .debug_frame   0x0000000000000468       0x20 /usr/lib/gcc/arm-none-eabi/9.2.1/../../../arm-none-eabi/lib/thumb/v7e-m+fp/hard/libm.a(lib_a-sf_fabs.o)
 .debug_frame   0x0000000000000488       0x20 /usr/lib/gcc/arm-none-eabi/9.2.1/../../../arm-none-eabi/lib/thumb/v7e-m+fp/hard/libm.a(lib_a-sf_floor.o)
 .debug_frame   0x00000000000004a8       0x3c /usr/lib/gcc/arm-none-eabi/9.2.1/../../../arm-none-eabi/lib/thumb/v7e-m+fp/hard/libm.a(lib_a-sf_scalbn.o)

.debug_ranges   0x0000000000000000      0x3c0
 .debug_ranges  0x0000000000000000      0x2a0 /workspace/nts-3_kaoss/collage-genericfx//build/obj/unit.o
 .debug_ranges  0x00000000000002a0       0x60 /workspace/nts-3_kaoss/collage-genericfx//build/obj/params.o
 .debug_ranges  0x0000000000000300       0x18 /usr/lib/gcc/arm-none-eabi/9.2.1/../../../arm-none-eabi/lib/thumb/v7e-m+fp/hard/libm.a(lib_a-sf_cos.o)
 .debug_ranges  0x0000000000000318       0x18 /usr/lib/gcc/arm-none-eabi/9.2.1/../../../arm-none-eabi/lib/thumb/v7e-m+fp/hard/libm.a(lib_a-sf_sin.o)
 .debug_ranges  0x0000000000000330       0x38 /usr/lib/gcc/arm-none-eabi/9.2.1/../../../arm-none-eabi/lib/thumb/v7e-m+fp/hard/libm.a(lib_a-ef_rem_pio2.o)
 .debug_ranges  0x0000000000000368       0x10 /usr/lib/gcc/arm-none-eabi/9.2.1/../../../arm-none-eabi/lib/thumb/v7e-m+fp/hard/libm.a(lib_a-sf_fabs.o)
 .debug_ranges  0x0000000000000378       0x48 /usr/lib/gcc/arm-none-eabi/9.2.1/../../../arm-none-eabi/lib/thumb/v7e-m+fp/hard/libm.a(lib_a-sf_scalbn.o)

Cross Reference Table

Symbol                                            File
DelayLine::readHermite(float) const               /workspace/nts-3_kaoss/collage-genericfx//build/obj/unit.o
Effect::Init(unit_runtime_desc const*)            /workspace/nts-3_kaoss/collage-genericfx//build/obj/unit.o
Effect::getParameterStrValue(unsigned char, long) const::names /workspace/nts-3_kaoss/collage-genericfx//build/obj/unit.o
MicroLoop::process(float const*, float*, unsigned long) /workspace/nts-3_kaoss/collage-genericfx//build/obj/unit.o
MicroLoop::setPreset(int)                         /workspace/nts-3_kaoss/collage-genericfx//build/obj/unit.o
MicroLoop::setPreset(int)::kSpeeds                /workspace/nts-3_kaoss/collage-genericfx//build/obj/unit.o
_DYNAMIC                                          /workspace/nts-3_kaoss/collage-genericfx//build/obj/header.o
_GLOBAL_OFFSET_TABLE_                             /workspace/nts-3_kaoss/collage-genericfx//build/obj/header.o
                                                  /workspace/nts-3_kaoss/collage-genericfx//build/obj/params.o
                                                  /workspace/nts-3_kaoss/collage-genericfx//build/obj/unit.o
__ieee754_rem_pio2f                               /usr/lib/gcc/arm-none-eabi/9.2.1/../../../arm-none-eabi/lib/thumb/v7e-m+fp/hard/libm.a(lib_a-ef_rem_pio2.o)
                                                  /usr/lib/gcc/arm-none-eabi/9.2.1/../../../arm-none-eabi/lib/thumb/v7e-m+fp/hard/libm.a(lib_a-sf_sin.o)
                                                  /usr/lib/gcc/arm-none-eabi/9.2.1/../../../arm-none-eabi/lib/thumb/v7e-m+fp/hard/libm.a(lib_a-sf_cos.o)
__kernel_cosf                                     /usr/lib/gcc/arm-none-eabi/9.2.1/../../../arm-none-eabi/lib/thumb/v7e-m+fp/hard/libm.a(lib_a-kf_cos.o)
                                                  /usr/lib/gcc/arm-none-eabi/9.2.1/../../../arm-none-eabi/lib/thumb/v7e-m+fp/hard/libm.a(lib_a-sf_sin.o)
                                                  /usr/lib/gcc/arm-none-eabi/9.2.1/../../../arm-none-eabi/lib/thumb/v7e-m+fp/hard/libm.a(lib_a-sf_cos.o)
__kernel_rem_pio2f                                /usr/lib/gcc/arm-none-eabi/9.2.1/../../../arm-none-eabi/lib/thumb/v7e-m+fp/hard/libm.a(lib_a-kf_rem_pio2.o)
                                                  /usr/lib/gcc/arm-none-eabi/9.2.1/../../../arm-none-eabi/lib/thumb/v7e-m+fp/hard/libm.a(lib_a-ef_rem_pio2.o)
__kernel_sinf                                     /usr/lib/gcc/arm-none-eabi/9.2.1/../../../arm-none-eabi/lib/thumb/v7e-m+fp/hard/libm.a(lib_a-kf_sin.o)
                                                  /usr/lib/gcc/arm-none-eabi/9.2.1/../../../arm-none-eabi/lib/thumb/v7e-m+fp/hard/libm.a(lib_a-sf_sin.o)
                                                  /usr/lib/gcc/arm-none-eabi/9.2.1/../../../arm-none-eabi/lib/thumb/v7e-m+fp/hard/libm.a(lib_a-sf_cos.o)
cosf                                              /usr/lib/gcc/arm-none-eabi/9.2.1/../../../arm-none-eabi/lib/thumb/v7e-m+fp/hard/libm.a(lib_a-sf_cos.o)
                                                  /workspace/nts-3_kaoss/collage-genericfx//build/obj/params.o
fabsf                                             /usr/lib/gcc/arm-none-eabi/9.2.1/../../../arm-none-eabi/lib/thumb/v7e-m+fp/hard/libm.a(lib_a-sf_fabs.o)
                                                  /usr/lib/gcc/arm-none-eabi/9.2.1/../../../arm-none-eabi/lib/thumb/v7e-m+fp/hard/libm.a(lib_a-ef_rem_pio2.o)
floorf                                            /usr/lib/gcc/arm-none-eabi/9.2.1/../../../arm-none-eabi/lib/thumb/v7e-m+fp/hard/libm.a(lib_a-sf_floor.o)
                                                  /usr/lib/gcc/arm-none-eabi/9.2.1/../../../arm-none-eabi/lib/thumb/v7e-m+fp/hard/libm.a(lib_a-kf_rem_pio2.o)
g_hannLut                                         /workspace/nts-3_kaoss/collage-genericfx//build/obj/params.o
                                                  /workspace/nts-3_kaoss/collage-genericfx//build/obj/unit.o
g_sinLut                                          /workspace/nts-3_kaoss/collage-genericfx//build/obj/params.o
initHannLut()                                     /workspace/nts-3_kaoss/collage-genericfx//build/obj/params.o
                                                  /workspace/nts-3_kaoss/collage-genericfx//build/obj/unit.o
initSinLut()                                      /workspace/nts-3_kaoss/collage-genericfx//build/obj/params.o
                                                  /workspace/nts-3_kaoss/collage-genericfx//build/obj/unit.o
memset                                            /usr/lib/gcc/arm-none-eabi/9.2.1/../../../arm-none-eabi/lib/thumb/v7e-m+fp/hard/libc_nano.a(lib_a-memset.o)
                                                  /workspace/nts-3_kaoss/collage-genericfx//build/obj/unit.o
scalbnf                                           /usr/lib/gcc/arm-none-eabi/9.2.1/../../../arm-none-eabi/lib/thumb/v7e-m+fp/hard/libm.a(lib_a-sf_scalbn.o)
                                                  /usr/lib/gcc/arm-none-eabi/9.2.1/../../../arm-none-eabi/lib/thumb/v7e-m+fp/hard/libm.a(lib_a-kf_rem_pio2.o)
sinf                                              /usr/lib/gcc/arm-none-eabi/9.2.1/../../../arm-none-eabi/lib/thumb/v7e-m+fp/hard/libm.a(lib_a-sf_sin.o)
                                                  /workspace/nts-3_kaoss/collage-genericfx//build/obj/params.o
unit_get_param_str_value                          /workspace/nts-3_kaoss/collage-genericfx//build/obj/unit.o
                                                  /workspace/nts-3_kaoss/collage-genericfx//build/obj/_unit_base.o
unit_get_param_value                              /workspace/nts-3_kaoss/collage-genericfx//build/obj/unit.o
                                                  /workspace/nts-3_kaoss/collage-genericfx//build/obj/_unit_base.o
unit_header                                       /workspace/nts-3_kaoss/collage-genericfx//build/obj/header.o
                                                  /workspace/nts-3_kaoss/collage-genericfx//build/obj/unit.o
unit_init                                         /workspace/nts-3_kaoss/collage-genericfx//build/obj/unit.o
                                                  /workspace/nts-3_kaoss/collage-genericfx//build/obj/_unit_base.o
unit_render                                       /workspace/nts-3_kaoss/collage-genericfx//build/obj/unit.o
                                                  /workspace/nts-3_kaoss/collage-genericfx//build/obj/_unit_base.o
unit_reset                                        /workspace/nts-3_kaoss/collage-genericfx//build/obj/unit.o
                                                  /workspace/nts-3_kaoss/collage-genericfx//build/obj/_unit_base.o
unit_resume                                       /workspace/nts-3_kaoss/collage-genericfx//build/obj/unit.o
                                                  /workspace/nts-3_kaoss/collage-genericfx//build/obj/_unit_base.o
unit_set_param_value                              /workspace/nts-3_kaoss/collage-genericfx//build/obj/unit.o
                                                  /workspace/nts-3_kaoss/collage-genericfx//build/obj/_unit_base.o
unit_set_tempo                                    /workspace/nts-3_kaoss/collage-genericfx//build/obj/unit.o
                                                  /workspace/nts-3_kaoss/collage-genericfx//build/obj/_unit_base.o
unit_suspend                                      /workspace/nts-3_kaoss/collage-genericfx//build/obj/unit.o
                                                  /workspace/nts-3_kaoss/collage-genericfx//build/obj/_unit_base.o
unit_teardown                                     /workspace/nts-3_kaoss/collage-genericfx//build/obj/unit.o
                                                  /workspace/nts-3_kaoss/collage-genericfx//build/obj/_unit_base.o
unit_tempo_4ppqn_tick                             /workspace/nts-3_kaoss/collage-genericfx//build/obj/unit.o
                                                  /workspace/nts-3_kaoss/collage-genericfx//build/obj/_unit_base.o
unit_touch_event                                  /workspace/nts-3_kaoss/collage-genericfx//build/obj/unit.o
                                                  /workspace/nts-3_kaoss/collage-genericfx//build/obj/_unit_base.o
